2024-11-27 10:23:26,101 - code_quality_analyzer.main - INFO - Loading configuration from: code_quality_config.yaml
2024-11-27 10:23:26,128 - code_quality_analyzer.config_handler - INFO - Loading configuration from: code_quality_config.yaml
2024-11-27 10:23:26,129 - code_quality_analyzer.config_handler - INFO - Loaded thresholds: {'code_smells': {'LONG_METHOD_LINES': 45, 'LARGE_CLASS_METHODS': 15, 'PRIMITIVE_OBSESSION_COUNT': 4, 'LONG_PARAMETER_LIST': 5, 'COMPLEX_CONDITIONAL': 3, 'DIVERGENT_CHANGE_PREFIXES': 4, 'SHOTGUN_SURGERY_CALLS': 5, 'EXCESSIVE_COMMENTS_RATIO': 0.3, 'LAZY_CLASS_METHODS': 4, 'FEATURE_ENVY_CALLS': 3, 'INAPPROPRIATE_INTIMACY_SHARED': 3, 'MESSAGE_CHAIN_LENGTH': 3, 'DATA_CLUMPS_THRESHOLD': 6, 'TEMPORARY_FIELD_THRESHOLD': 3, 'ALTERNATIVE_CLASSES_THRESHOLD': 3, 'DUPLICATE_CODE_THRESHOLD': 15, 'DEAD_CODE_THRESHOLD': 3, 'SPECULATIVE_GENERALITY_THRESHOLD': 4, 'MIDDLE_MAN_RATIO': 0.5, 'DIVERGENT_CHANGE_METHODS': 5, 'SHOTGUN_SURGERY_CONTEXTS': 3, 'DUPLICATE_CODE_MIN_LINES': 5, 'LARGE_COMMENT_BLOCKS': 5}, 'architectural_smells': {'GOD_OBJECT_FUNCTIONS': 20, 'UNSTABLE_DEPENDENCY_THRESHOLD': 0.8, 'HUB_LIKE_DEPENDENCY_RATIO': 0.3, 'REDUNDANT_ABSTRACTION_SIMILARITY': 0.7, 'IMPROPER_API_USAGE_RATIO': 0.7, 'CYCLIC_DEPENDENCY_MAX_LENGTH': 3}, 'structural_smells': {'NOM_THRESHOLD': 10, 'WMPC1_THRESHOLD': 20, 'WMPC2_THRESHOLD': 20, 'SIZE2_THRESHOLD': 15, 'WAC_THRESHOLD': 10, 'LCOM_THRESHOLD': 10, 'RFC_THRESHOLD': 20, 'NOCC_THRESHOLD': 10, 'DIT_THRESHOLD': 3, 'LOC_THRESHOLD': 150, 'MPC_THRESHOLD': 25, 'CBO_THRESHOLD': 5, 'NOC_THRESHOLD': 7, 'CYCLOMATIC_COMPLEXITY_THRESHOLD': 10, 'MAX_FANOUT': 15, 'MAX_FANIN': 15, 'MAX_FILE_LENGTH': 250, 'MAX_BRANCHES': 10, 'MAX_NESTING_DEPTH': 4}}
2024-11-27 10:23:26,523 - code_quality_analyzer.code_smell_detector - ERROR - Error in detect_speculative_generality analyzing src\code_quality_analyzer\architectural_smell_detector.py: 'UNUSED_PARAMETERS_THRESHOLD'
Traceback (most recent call last):
  File "c:\users\karth\desktop\code_quality_analyser\python_smells_detector-90a0\src\code_quality_analyzer\code_smell_detector.py", line 91, in detect_smells
    detect_method(module, file_path)
  File "c:\users\karth\desktop\code_quality_analyser\python_smells_detector-90a0\src\code_quality_analyzer\code_smell_detector.py", line 868, in detect_speculative_generality
    len(unused_params) >= self.thresholds["UNUSED_PARAMETERS_THRESHOLD"]):
                          ~~~~~~~~~~~~~~~^^^^^^^^^^^^^^^^^^^^^^^^^^^^^^^
KeyError: 'UNUSED_PARAMETERS_THRESHOLD'
2024-11-27 10:23:26,548 - code_quality_analyzer.code_smell_detector - ERROR - Unexpected error analyzing src\code_quality_analyzer\architectural_smell_detector.py: Error in detect_speculative_generality: 'UNUSED_PARAMETERS_THRESHOLD'
File: src\code_quality_analyzer\architectural_smell_detector.py
Line: None
Function: detect_speculative_generality
Traceback (most recent call last):
  File "c:\users\karth\desktop\code_quality_analyser\python_smells_detector-90a0\src\code_quality_analyzer\code_smell_detector.py", line 91, in detect_smells
    detect_method(module, file_path)
  File "c:\users\karth\desktop\code_quality_analyser\python_smells_detector-90a0\src\code_quality_analyzer\code_smell_detector.py", line 868, in detect_speculative_generality
    len(unused_params) >= self.thresholds["UNUSED_PARAMETERS_THRESHOLD"]):
                          ~~~~~~~~~~~~~~~^^^^^^^^^^^^^^^^^^^^^^^^^^^^^^^
KeyError: 'UNUSED_PARAMETERS_THRESHOLD'

During handling of the above exception, another exception occurred:

Traceback (most recent call last):
  File "c:\users\karth\desktop\code_quality_analyser\python_smells_detector-90a0\src\code_quality_analyzer\code_smell_detector.py", line 97, in detect_smells
    raise CodeAnalysisError(
code_quality_analyzer.exceptions.CodeAnalysisError: Error in detect_speculative_generality: 'UNUSED_PARAMETERS_THRESHOLD'
File: src\code_quality_analyzer\architectural_smell_detector.py
Line: None
Function: detect_speculative_generality
2024-11-27 10:23:26,550 - code_quality_analyzer.main - ERROR - Error analyzing src\code_quality_analyzer\architectural_smell_detector.py: Unexpected error: Error in detect_speculative_generality: 'UNUSED_PARAMETERS_THRESHOLD'
File: src\code_quality_analyzer\architectural_smell_detector.py
Line: None
Function: detect_speculative_generality
File: src\code_quality_analyzer\architectural_smell_detector.py
Line: None
Function: None
2024-11-27 10:23:26,638 - code_quality_analyzer.code_smell_detector - ERROR - Error in detect_speculative_generality analyzing src\code_quality_analyzer\code_smell_detector.py: 'UNUSED_PARAMETERS_THRESHOLD'
Traceback (most recent call last):
  File "c:\users\karth\desktop\code_quality_analyser\python_smells_detector-90a0\src\code_quality_analyzer\code_smell_detector.py", line 91, in detect_smells
    detect_method(module, file_path)
  File "c:\users\karth\desktop\code_quality_analyser\python_smells_detector-90a0\src\code_quality_analyzer\code_smell_detector.py", line 868, in detect_speculative_generality
    len(unused_params) >= self.thresholds["UNUSED_PARAMETERS_THRESHOLD"]):
                          ~~~~~~~~~~~~~~~^^^^^^^^^^^^^^^^^^^^^^^^^^^^^^^
KeyError: 'UNUSED_PARAMETERS_THRESHOLD'
2024-11-27 10:23:26,641 - code_quality_analyzer.code_smell_detector - ERROR - Unexpected error analyzing src\code_quality_analyzer\code_smell_detector.py: Error in detect_speculative_generality: 'UNUSED_PARAMETERS_THRESHOLD'
File: src\code_quality_analyzer\code_smell_detector.py
Line: None
Function: detect_speculative_generality
Traceback (most recent call last):
  File "c:\users\karth\desktop\code_quality_analyser\python_smells_detector-90a0\src\code_quality_analyzer\code_smell_detector.py", line 91, in detect_smells
    detect_method(module, file_path)
  File "c:\users\karth\desktop\code_quality_analyser\python_smells_detector-90a0\src\code_quality_analyzer\code_smell_detector.py", line 868, in detect_speculative_generality
    len(unused_params) >= self.thresholds["UNUSED_PARAMETERS_THRESHOLD"]):
                          ~~~~~~~~~~~~~~~^^^^^^^^^^^^^^^^^^^^^^^^^^^^^^^
KeyError: 'UNUSED_PARAMETERS_THRESHOLD'

During handling of the above exception, another exception occurred:

Traceback (most recent call last):
  File "c:\users\karth\desktop\code_quality_analyser\python_smells_detector-90a0\src\code_quality_analyzer\code_smell_detector.py", line 97, in detect_smells
    raise CodeAnalysisError(
code_quality_analyzer.exceptions.CodeAnalysisError: Error in detect_speculative_generality: 'UNUSED_PARAMETERS_THRESHOLD'
File: src\code_quality_analyzer\code_smell_detector.py
Line: None
Function: detect_speculative_generality
2024-11-27 10:23:26,644 - code_quality_analyzer.main - ERROR - Error analyzing src\code_quality_analyzer\code_smell_detector.py: Unexpected error: Error in detect_speculative_generality: 'UNUSED_PARAMETERS_THRESHOLD'
File: src\code_quality_analyzer\code_smell_detector.py
Line: None
Function: detect_speculative_generality
File: src\code_quality_analyzer\code_smell_detector.py
Line: None
Function: None
2024-11-27 10:23:26,653 - code_quality_analyzer.code_smell_detector - ERROR - Error in detect_speculative_generality analyzing src\code_quality_analyzer\config_handler.py: 'UNUSED_PARAMETERS_THRESHOLD'
Traceback (most recent call last):
  File "c:\users\karth\desktop\code_quality_analyser\python_smells_detector-90a0\src\code_quality_analyzer\code_smell_detector.py", line 91, in detect_smells
    detect_method(module, file_path)
  File "c:\users\karth\desktop\code_quality_analyser\python_smells_detector-90a0\src\code_quality_analyzer\code_smell_detector.py", line 868, in detect_speculative_generality
    len(unused_params) >= self.thresholds["UNUSED_PARAMETERS_THRESHOLD"]):
                          ~~~~~~~~~~~~~~~^^^^^^^^^^^^^^^^^^^^^^^^^^^^^^^
KeyError: 'UNUSED_PARAMETERS_THRESHOLD'
2024-11-27 10:23:26,654 - code_quality_analyzer.code_smell_detector - ERROR - Unexpected error analyzing src\code_quality_analyzer\config_handler.py: Error in detect_speculative_generality: 'UNUSED_PARAMETERS_THRESHOLD'
File: src\code_quality_analyzer\config_handler.py
Line: None
Function: detect_speculative_generality
Traceback (most recent call last):
  File "c:\users\karth\desktop\code_quality_analyser\python_smells_detector-90a0\src\code_quality_analyzer\code_smell_detector.py", line 91, in detect_smells
    detect_method(module, file_path)
  File "c:\users\karth\desktop\code_quality_analyser\python_smells_detector-90a0\src\code_quality_analyzer\code_smell_detector.py", line 868, in detect_speculative_generality
    len(unused_params) >= self.thresholds["UNUSED_PARAMETERS_THRESHOLD"]):
                          ~~~~~~~~~~~~~~~^^^^^^^^^^^^^^^^^^^^^^^^^^^^^^^
KeyError: 'UNUSED_PARAMETERS_THRESHOLD'

During handling of the above exception, another exception occurred:

Traceback (most recent call last):
  File "c:\users\karth\desktop\code_quality_analyser\python_smells_detector-90a0\src\code_quality_analyzer\code_smell_detector.py", line 97, in detect_smells
    raise CodeAnalysisError(
code_quality_analyzer.exceptions.CodeAnalysisError: Error in detect_speculative_generality: 'UNUSED_PARAMETERS_THRESHOLD'
File: src\code_quality_analyzer\config_handler.py
Line: None
Function: detect_speculative_generality
2024-11-27 10:23:26,660 - code_quality_analyzer.main - ERROR - Error analyzing src\code_quality_analyzer\config_handler.py: Unexpected error: Error in detect_speculative_generality: 'UNUSED_PARAMETERS_THRESHOLD'
File: src\code_quality_analyzer\config_handler.py
Line: None
Function: detect_speculative_generality
File: src\code_quality_analyzer\config_handler.py
Line: None
Function: None
2024-11-27 10:23:26,664 - code_quality_analyzer.code_smell_detector - ERROR - Error in detect_speculative_generality analyzing src\code_quality_analyzer\exceptions.py: 'UNUSED_PARAMETERS_THRESHOLD'
Traceback (most recent call last):
  File "c:\users\karth\desktop\code_quality_analyser\python_smells_detector-90a0\src\code_quality_analyzer\code_smell_detector.py", line 91, in detect_smells
    detect_method(module, file_path)
  File "c:\users\karth\desktop\code_quality_analyser\python_smells_detector-90a0\src\code_quality_analyzer\code_smell_detector.py", line 868, in detect_speculative_generality
    len(unused_params) >= self.thresholds["UNUSED_PARAMETERS_THRESHOLD"]):
                          ~~~~~~~~~~~~~~~^^^^^^^^^^^^^^^^^^^^^^^^^^^^^^^
KeyError: 'UNUSED_PARAMETERS_THRESHOLD'
2024-11-27 10:23:26,667 - code_quality_analyzer.code_smell_detector - ERROR - Unexpected error analyzing src\code_quality_analyzer\exceptions.py: Error in detect_speculative_generality: 'UNUSED_PARAMETERS_THRESHOLD'
File: src\code_quality_analyzer\exceptions.py
Line: None
Function: detect_speculative_generality
Traceback (most recent call last):
  File "c:\users\karth\desktop\code_quality_analyser\python_smells_detector-90a0\src\code_quality_analyzer\code_smell_detector.py", line 91, in detect_smells
    detect_method(module, file_path)
  File "c:\users\karth\desktop\code_quality_analyser\python_smells_detector-90a0\src\code_quality_analyzer\code_smell_detector.py", line 868, in detect_speculative_generality
    len(unused_params) >= self.thresholds["UNUSED_PARAMETERS_THRESHOLD"]):
                          ~~~~~~~~~~~~~~~^^^^^^^^^^^^^^^^^^^^^^^^^^^^^^^
KeyError: 'UNUSED_PARAMETERS_THRESHOLD'

During handling of the above exception, another exception occurred:

Traceback (most recent call last):
  File "c:\users\karth\desktop\code_quality_analyser\python_smells_detector-90a0\src\code_quality_analyzer\code_smell_detector.py", line 97, in detect_smells
    raise CodeAnalysisError(
code_quality_analyzer.exceptions.CodeAnalysisError: Error in detect_speculative_generality: 'UNUSED_PARAMETERS_THRESHOLD'
File: src\code_quality_analyzer\exceptions.py
Line: None
Function: detect_speculative_generality
2024-11-27 10:23:26,669 - code_quality_analyzer.main - ERROR - Error analyzing src\code_quality_analyzer\exceptions.py: Unexpected error: Error in detect_speculative_generality: 'UNUSED_PARAMETERS_THRESHOLD'
File: src\code_quality_analyzer\exceptions.py
Line: None
Function: detect_speculative_generality
File: src\code_quality_analyzer\exceptions.py
Line: None
Function: None
2024-11-27 10:23:26,827 - code_quality_analyzer.code_smell_detector - ERROR - Error in detect_speculative_generality analyzing src\code_quality_analyzer\structural_smell_detector.py: 'UNUSED_PARAMETERS_THRESHOLD'
Traceback (most recent call last):
  File "c:\users\karth\desktop\code_quality_analyser\python_smells_detector-90a0\src\code_quality_analyzer\code_smell_detector.py", line 91, in detect_smells
    detect_method(module, file_path)
  File "c:\users\karth\desktop\code_quality_analyser\python_smells_detector-90a0\src\code_quality_analyzer\code_smell_detector.py", line 868, in detect_speculative_generality
    len(unused_params) >= self.thresholds["UNUSED_PARAMETERS_THRESHOLD"]):
                          ~~~~~~~~~~~~~~~^^^^^^^^^^^^^^^^^^^^^^^^^^^^^^^
KeyError: 'UNUSED_PARAMETERS_THRESHOLD'
2024-11-27 10:23:26,829 - code_quality_analyzer.code_smell_detector - ERROR - Unexpected error analyzing src\code_quality_analyzer\structural_smell_detector.py: Error in detect_speculative_generality: 'UNUSED_PARAMETERS_THRESHOLD'
File: src\code_quality_analyzer\structural_smell_detector.py
Line: None
Function: detect_speculative_generality
Traceback (most recent call last):
  File "c:\users\karth\desktop\code_quality_analyser\python_smells_detector-90a0\src\code_quality_analyzer\code_smell_detector.py", line 91, in detect_smells
    detect_method(module, file_path)
  File "c:\users\karth\desktop\code_quality_analyser\python_smells_detector-90a0\src\code_quality_analyzer\code_smell_detector.py", line 868, in detect_speculative_generality
    len(unused_params) >= self.thresholds["UNUSED_PARAMETERS_THRESHOLD"]):
                          ~~~~~~~~~~~~~~~^^^^^^^^^^^^^^^^^^^^^^^^^^^^^^^
KeyError: 'UNUSED_PARAMETERS_THRESHOLD'

During handling of the above exception, another exception occurred:

Traceback (most recent call last):
  File "c:\users\karth\desktop\code_quality_analyser\python_smells_detector-90a0\src\code_quality_analyzer\code_smell_detector.py", line 97, in detect_smells
    raise CodeAnalysisError(
code_quality_analyzer.exceptions.CodeAnalysisError: Error in detect_speculative_generality: 'UNUSED_PARAMETERS_THRESHOLD'
File: src\code_quality_analyzer\structural_smell_detector.py
Line: None
Function: detect_speculative_generality
2024-11-27 10:23:26,836 - code_quality_analyzer.main - ERROR - Error analyzing src\code_quality_analyzer\structural_smell_detector.py: Unexpected error: Error in detect_speculative_generality: 'UNUSED_PARAMETERS_THRESHOLD'
File: src\code_quality_analyzer\structural_smell_detector.py
Line: None
Function: detect_speculative_generality
File: src\code_quality_analyzer\structural_smell_detector.py
Line: None
Function: None
2024-11-27 10:23:26,854 - code_quality_analyzer.main - WARNING - Errors encountered during code smell analysis:
2024-11-27 10:23:26,855 - code_quality_analyzer.main - WARNING - 
File: src\code_quality_analyzer\architectural_smell_detector.py
Error Type: CodeAnalysisError
Error Message: Unexpected error: Error in detect_speculative_generality: 'UNUSED_PARAMETERS_THRESHOLD'
File: src\code_quality_analyzer\architectural_smell_detector.py
Line: None
Function: detect_speculative_generality
File: src\code_quality_analyzer\architectural_smell_detector.py
Line: None
Function: None
Detector: CodeSmellDetector
Function: None
            
2024-11-27 10:23:26,857 - code_quality_analyzer.main - WARNING - 
File: src\code_quality_analyzer\code_smell_detector.py
Error Type: CodeAnalysisError
Error Message: Unexpected error: Error in detect_speculative_generality: 'UNUSED_PARAMETERS_THRESHOLD'
File: src\code_quality_analyzer\code_smell_detector.py
Line: None
Function: detect_speculative_generality
File: src\code_quality_analyzer\code_smell_detector.py
Line: None
Function: None
Detector: CodeSmellDetector
Function: None
            
2024-11-27 10:23:26,860 - code_quality_analyzer.main - WARNING - 
File: src\code_quality_analyzer\config_handler.py
Error Type: CodeAnalysisError
Error Message: Unexpected error: Error in detect_speculative_generality: 'UNUSED_PARAMETERS_THRESHOLD'
File: src\code_quality_analyzer\config_handler.py
Line: None
Function: detect_speculative_generality
File: src\code_quality_analyzer\config_handler.py
Line: None
Function: None
Detector: CodeSmellDetector
Function: None
            
2024-11-27 10:23:26,861 - code_quality_analyzer.main - WARNING - 
File: src\code_quality_analyzer\exceptions.py
Error Type: CodeAnalysisError
Error Message: Unexpected error: Error in detect_speculative_generality: 'UNUSED_PARAMETERS_THRESHOLD'
File: src\code_quality_analyzer\exceptions.py
Line: None
Function: detect_speculative_generality
File: src\code_quality_analyzer\exceptions.py
Line: None
Function: None
Detector: CodeSmellDetector
Function: None
            
2024-11-27 10:23:26,863 - code_quality_analyzer.main - WARNING - 
File: src\code_quality_analyzer\structural_smell_detector.py
Error Type: CodeAnalysisError
Error Message: Unexpected error: Error in detect_speculative_generality: 'UNUSED_PARAMETERS_THRESHOLD'
File: src\code_quality_analyzer\structural_smell_detector.py
Line: None
Function: detect_speculative_generality
File: src\code_quality_analyzer\structural_smell_detector.py
Line: None
Function: None
Detector: CodeSmellDetector
Function: None
            
2024-11-27 10:23:26,865 - code_quality_analyzer.architectural_smell_detector - INFO - Analyzing directory structure: src
2024-11-27 10:23:28,370 - numexpr.utils - INFO - Note: NumExpr detected 20 cores but "NUMEXPR_MAX_THREADS" not set, so enforcing safe limit of 8.
2024-11-27 10:23:28,372 - numexpr.utils - INFO - NumExpr defaulting to 8 threads.
2024-11-27 10:23:29,360 - code_quality_analyzer.structural_smell_detector - INFO - Analyzing directory structure: src
2024-11-27 10:23:29,360 - code_quality_analyzer.structural_smell_detector - INFO - Starting analysis of directory: src
2024-11-27 10:23:29,642 - code_quality_analyzer.structural_smell_detector - INFO - 
Analysis Summary:
----------------
Files analyzed: 7
Files with errors: 0
Success rate: 100.0%
        
2024-11-27 10:23:29,644 - code_quality_analyzer.structural_smell_detector - INFO - Detecting NOM smells with threshold: 10
2024-11-27 10:23:29,645 - code_quality_analyzer.structural_smell_detector - INFO - Detected NOM smell in code_quality_analyzer.architectural_smell_detector.ArchitecturalSmellDetector: 15 methods
2024-11-27 10:23:29,646 - code_quality_analyzer.structural_smell_detector - INFO - Detected NOM smell in code_quality_analyzer.code_smell_detector.CodeSmellDetector: 24 methods
2024-11-27 10:23:29,647 - code_quality_analyzer.structural_smell_detector - INFO - Detected NOM smell in code_quality_analyzer.structural_smell_detector.StructuralSmellDetector: 34 methods
2024-11-27 10:23:29,836 - code_quality_analyzer.structural_smell_detector - INFO - Analysis complete. Found 94 structural smells.
2024-11-27 10:23:29,836 - code_quality_analyzer.main - INFO - Structural smell analysis complete. Found 94 smells.
2024-11-27 10:23:29,843 - code_quality_analyzer.main - INFO - CSV report generated and saved to code_quality_report.csv
2024-11-27 16:05:33,733 - code_quality_analyzer.main - INFO - Loading configuration from: code_quality_config.yaml
2024-11-27 16:05:33,760 - code_quality_analyzer.config_handler - INFO - Loading configuration from: code_quality_config.yaml
2024-11-27 16:05:33,762 - code_quality_analyzer.config_handler - INFO - Loaded thresholds: {'code_smells': {'LONG_METHOD_LINES': 45, 'LARGE_CLASS_METHODS': 15, 'PRIMITIVE_OBSESSION_COUNT': 4, 'LONG_PARAMETER_LIST': 5, 'COMPLEX_CONDITIONAL': 3, 'DIVERGENT_CHANGE_PREFIXES': 4, 'SHOTGUN_SURGERY_CALLS': 5, 'EXCESSIVE_COMMENTS_RATIO': 0.3, 'LAZY_CLASS_METHODS': 4, 'FEATURE_ENVY_CALLS': 3, 'INAPPROPRIATE_INTIMACY_SHARED': 3, 'MESSAGE_CHAIN_LENGTH': 3, 'DATA_CLUMPS_THRESHOLD': 6, 'TEMPORARY_FIELD_THRESHOLD': 3, 'ALTERNATIVE_CLASSES_THRESHOLD': 3, 'DUPLICATE_CODE_THRESHOLD': 15, 'DEAD_CODE_THRESHOLD': 3, 'SPECULATIVE_GENERALITY_THRESHOLD': 4, 'MIDDLE_MAN_RATIO': 0.5, 'DIVERGENT_CHANGE_METHODS': 5, 'SHOTGUN_SURGERY_CONTEXTS': 3, 'DUPLICATE_CODE_MIN_LINES': 5, 'LARGE_COMMENT_BLOCKS': 5}, 'architectural_smells': {'GOD_OBJECT_FUNCTIONS': 20, 'UNSTABLE_DEPENDENCY_THRESHOLD': 0.8, 'HUB_LIKE_DEPENDENCY_RATIO': 0.3, 'REDUNDANT_ABSTRACTION_SIMILARITY': 0.7, 'IMPROPER_API_USAGE_RATIO': 0.7, 'CYCLIC_DEPENDENCY_MAX_LENGTH': 3}, 'structural_smells': {'NOM_THRESHOLD': 10, 'WMPC1_THRESHOLD': 20, 'WMPC2_THRESHOLD': 20, 'SIZE2_THRESHOLD': 15, 'WAC_THRESHOLD': 10, 'LCOM_THRESHOLD': 10, 'RFC_THRESHOLD': 20, 'NOCC_THRESHOLD': 10, 'DIT_THRESHOLD': 3, 'LOC_THRESHOLD': 150, 'MPC_THRESHOLD': 25, 'CBO_THRESHOLD': 5, 'NOC_THRESHOLD': 7, 'CYCLOMATIC_COMPLEXITY_THRESHOLD': 10, 'MAX_FANOUT': 15, 'MAX_FANIN': 15, 'MAX_FILE_LENGTH': 250, 'MAX_BRANCHES': 10, 'MAX_NESTING_DEPTH': 4}}
2024-11-27 16:05:34,253 - code_quality_analyzer.code_smell_detector - ERROR - Error in detect_speculative_generality analyzing src\code_quality_analyzer\architectural_smell_detector.py: 'UNUSED_PARAMETERS_THRESHOLD'
Traceback (most recent call last):
  File "c:\users\karth\desktop\code_quality_analyser\python_smells_detector-90a0\src\code_quality_analyzer\code_smell_detector.py", line 91, in detect_smells
    detect_method(module, file_path)
  File "c:\users\karth\desktop\code_quality_analyser\python_smells_detector-90a0\src\code_quality_analyzer\code_smell_detector.py", line 868, in detect_speculative_generality
    len(unused_params) >= self.thresholds["UNUSED_PARAMETERS_THRESHOLD"]):
                          ~~~~~~~~~~~~~~~^^^^^^^^^^^^^^^^^^^^^^^^^^^^^^^
KeyError: 'UNUSED_PARAMETERS_THRESHOLD'
2024-11-27 16:05:34,289 - code_quality_analyzer.code_smell_detector - ERROR - Unexpected error analyzing src\code_quality_analyzer\architectural_smell_detector.py: Error in detect_speculative_generality: 'UNUSED_PARAMETERS_THRESHOLD'
File: src\code_quality_analyzer\architectural_smell_detector.py
Line: None
Function: detect_speculative_generality
Traceback (most recent call last):
  File "c:\users\karth\desktop\code_quality_analyser\python_smells_detector-90a0\src\code_quality_analyzer\code_smell_detector.py", line 91, in detect_smells
    detect_method(module, file_path)
  File "c:\users\karth\desktop\code_quality_analyser\python_smells_detector-90a0\src\code_quality_analyzer\code_smell_detector.py", line 868, in detect_speculative_generality
    len(unused_params) >= self.thresholds["UNUSED_PARAMETERS_THRESHOLD"]):
                          ~~~~~~~~~~~~~~~^^^^^^^^^^^^^^^^^^^^^^^^^^^^^^^
KeyError: 'UNUSED_PARAMETERS_THRESHOLD'

During handling of the above exception, another exception occurred:

Traceback (most recent call last):
  File "c:\users\karth\desktop\code_quality_analyser\python_smells_detector-90a0\src\code_quality_analyzer\code_smell_detector.py", line 97, in detect_smells
    raise CodeAnalysisError(
code_quality_analyzer.exceptions.CodeAnalysisError: Error in detect_speculative_generality: 'UNUSED_PARAMETERS_THRESHOLD'
File: src\code_quality_analyzer\architectural_smell_detector.py
Line: None
Function: detect_speculative_generality
2024-11-27 16:05:34,300 - code_quality_analyzer.main - ERROR - Error analyzing src\code_quality_analyzer\architectural_smell_detector.py: Unexpected error: Error in detect_speculative_generality: 'UNUSED_PARAMETERS_THRESHOLD'
File: src\code_quality_analyzer\architectural_smell_detector.py
Line: None
Function: detect_speculative_generality
File: src\code_quality_analyzer\architectural_smell_detector.py
Line: None
Function: None
2024-11-27 16:05:34,429 - code_quality_analyzer.code_smell_detector - ERROR - Error in detect_speculative_generality analyzing src\code_quality_analyzer\code_smell_detector.py: 'UNUSED_PARAMETERS_THRESHOLD'
Traceback (most recent call last):
  File "c:\users\karth\desktop\code_quality_analyser\python_smells_detector-90a0\src\code_quality_analyzer\code_smell_detector.py", line 91, in detect_smells
    detect_method(module, file_path)
  File "c:\users\karth\desktop\code_quality_analyser\python_smells_detector-90a0\src\code_quality_analyzer\code_smell_detector.py", line 868, in detect_speculative_generality
    len(unused_params) >= self.thresholds["UNUSED_PARAMETERS_THRESHOLD"]):
                          ~~~~~~~~~~~~~~~^^^^^^^^^^^^^^^^^^^^^^^^^^^^^^^
KeyError: 'UNUSED_PARAMETERS_THRESHOLD'
2024-11-27 16:05:34,432 - code_quality_analyzer.code_smell_detector - ERROR - Unexpected error analyzing src\code_quality_analyzer\code_smell_detector.py: Error in detect_speculative_generality: 'UNUSED_PARAMETERS_THRESHOLD'
File: src\code_quality_analyzer\code_smell_detector.py
Line: None
Function: detect_speculative_generality
Traceback (most recent call last):
  File "c:\users\karth\desktop\code_quality_analyser\python_smells_detector-90a0\src\code_quality_analyzer\code_smell_detector.py", line 91, in detect_smells
    detect_method(module, file_path)
  File "c:\users\karth\desktop\code_quality_analyser\python_smells_detector-90a0\src\code_quality_analyzer\code_smell_detector.py", line 868, in detect_speculative_generality
    len(unused_params) >= self.thresholds["UNUSED_PARAMETERS_THRESHOLD"]):
                          ~~~~~~~~~~~~~~~^^^^^^^^^^^^^^^^^^^^^^^^^^^^^^^
KeyError: 'UNUSED_PARAMETERS_THRESHOLD'

During handling of the above exception, another exception occurred:

Traceback (most recent call last):
  File "c:\users\karth\desktop\code_quality_analyser\python_smells_detector-90a0\src\code_quality_analyzer\code_smell_detector.py", line 97, in detect_smells
    raise CodeAnalysisError(
code_quality_analyzer.exceptions.CodeAnalysisError: Error in detect_speculative_generality: 'UNUSED_PARAMETERS_THRESHOLD'
File: src\code_quality_analyzer\code_smell_detector.py
Line: None
Function: detect_speculative_generality
2024-11-27 16:05:34,438 - code_quality_analyzer.main - ERROR - Error analyzing src\code_quality_analyzer\code_smell_detector.py: Unexpected error: Error in detect_speculative_generality: 'UNUSED_PARAMETERS_THRESHOLD'
File: src\code_quality_analyzer\code_smell_detector.py
Line: None
Function: detect_speculative_generality
File: src\code_quality_analyzer\code_smell_detector.py
Line: None
Function: None
2024-11-27 16:05:34,450 - code_quality_analyzer.code_smell_detector - ERROR - Error in detect_speculative_generality analyzing src\code_quality_analyzer\config_handler.py: 'UNUSED_PARAMETERS_THRESHOLD'
Traceback (most recent call last):
  File "c:\users\karth\desktop\code_quality_analyser\python_smells_detector-90a0\src\code_quality_analyzer\code_smell_detector.py", line 91, in detect_smells
    detect_method(module, file_path)
  File "c:\users\karth\desktop\code_quality_analyser\python_smells_detector-90a0\src\code_quality_analyzer\code_smell_detector.py", line 868, in detect_speculative_generality
    len(unused_params) >= self.thresholds["UNUSED_PARAMETERS_THRESHOLD"]):
                          ~~~~~~~~~~~~~~~^^^^^^^^^^^^^^^^^^^^^^^^^^^^^^^
KeyError: 'UNUSED_PARAMETERS_THRESHOLD'
2024-11-27 16:05:34,455 - code_quality_analyzer.code_smell_detector - ERROR - Unexpected error analyzing src\code_quality_analyzer\config_handler.py: Error in detect_speculative_generality: 'UNUSED_PARAMETERS_THRESHOLD'
File: src\code_quality_analyzer\config_handler.py
Line: None
Function: detect_speculative_generality
Traceback (most recent call last):
  File "c:\users\karth\desktop\code_quality_analyser\python_smells_detector-90a0\src\code_quality_analyzer\code_smell_detector.py", line 91, in detect_smells
    detect_method(module, file_path)
  File "c:\users\karth\desktop\code_quality_analyser\python_smells_detector-90a0\src\code_quality_analyzer\code_smell_detector.py", line 868, in detect_speculative_generality
    len(unused_params) >= self.thresholds["UNUSED_PARAMETERS_THRESHOLD"]):
                          ~~~~~~~~~~~~~~~^^^^^^^^^^^^^^^^^^^^^^^^^^^^^^^
KeyError: 'UNUSED_PARAMETERS_THRESHOLD'

During handling of the above exception, another exception occurred:

Traceback (most recent call last):
  File "c:\users\karth\desktop\code_quality_analyser\python_smells_detector-90a0\src\code_quality_analyzer\code_smell_detector.py", line 97, in detect_smells
    raise CodeAnalysisError(
code_quality_analyzer.exceptions.CodeAnalysisError: Error in detect_speculative_generality: 'UNUSED_PARAMETERS_THRESHOLD'
File: src\code_quality_analyzer\config_handler.py
Line: None
Function: detect_speculative_generality
2024-11-27 16:05:34,461 - code_quality_analyzer.main - ERROR - Error analyzing src\code_quality_analyzer\config_handler.py: Unexpected error: Error in detect_speculative_generality: 'UNUSED_PARAMETERS_THRESHOLD'
File: src\code_quality_analyzer\config_handler.py
Line: None
Function: detect_speculative_generality
File: src\code_quality_analyzer\config_handler.py
Line: None
Function: None
2024-11-27 16:05:34,468 - code_quality_analyzer.code_smell_detector - ERROR - Error in detect_speculative_generality analyzing src\code_quality_analyzer\exceptions.py: 'UNUSED_PARAMETERS_THRESHOLD'
Traceback (most recent call last):
  File "c:\users\karth\desktop\code_quality_analyser\python_smells_detector-90a0\src\code_quality_analyzer\code_smell_detector.py", line 91, in detect_smells
    detect_method(module, file_path)
  File "c:\users\karth\desktop\code_quality_analyser\python_smells_detector-90a0\src\code_quality_analyzer\code_smell_detector.py", line 868, in detect_speculative_generality
    len(unused_params) >= self.thresholds["UNUSED_PARAMETERS_THRESHOLD"]):
                          ~~~~~~~~~~~~~~~^^^^^^^^^^^^^^^^^^^^^^^^^^^^^^^
KeyError: 'UNUSED_PARAMETERS_THRESHOLD'
2024-11-27 16:05:34,472 - code_quality_analyzer.code_smell_detector - ERROR - Unexpected error analyzing src\code_quality_analyzer\exceptions.py: Error in detect_speculative_generality: 'UNUSED_PARAMETERS_THRESHOLD'
File: src\code_quality_analyzer\exceptions.py
Line: None
Function: detect_speculative_generality
Traceback (most recent call last):
  File "c:\users\karth\desktop\code_quality_analyser\python_smells_detector-90a0\src\code_quality_analyzer\code_smell_detector.py", line 91, in detect_smells
    detect_method(module, file_path)
  File "c:\users\karth\desktop\code_quality_analyser\python_smells_detector-90a0\src\code_quality_analyzer\code_smell_detector.py", line 868, in detect_speculative_generality
    len(unused_params) >= self.thresholds["UNUSED_PARAMETERS_THRESHOLD"]):
                          ~~~~~~~~~~~~~~~^^^^^^^^^^^^^^^^^^^^^^^^^^^^^^^
KeyError: 'UNUSED_PARAMETERS_THRESHOLD'

During handling of the above exception, another exception occurred:

Traceback (most recent call last):
  File "c:\users\karth\desktop\code_quality_analyser\python_smells_detector-90a0\src\code_quality_analyzer\code_smell_detector.py", line 97, in detect_smells
    raise CodeAnalysisError(
code_quality_analyzer.exceptions.CodeAnalysisError: Error in detect_speculative_generality: 'UNUSED_PARAMETERS_THRESHOLD'
File: src\code_quality_analyzer\exceptions.py
Line: None
Function: detect_speculative_generality
2024-11-27 16:05:34,480 - code_quality_analyzer.main - ERROR - Error analyzing src\code_quality_analyzer\exceptions.py: Unexpected error: Error in detect_speculative_generality: 'UNUSED_PARAMETERS_THRESHOLD'
File: src\code_quality_analyzer\exceptions.py
Line: None
Function: detect_speculative_generality
File: src\code_quality_analyzer\exceptions.py
Line: None
Function: None
2024-11-27 16:05:34,638 - code_quality_analyzer.code_smell_detector - ERROR - Error in detect_speculative_generality analyzing src\code_quality_analyzer\structural_smell_detector.py: 'UNUSED_PARAMETERS_THRESHOLD'
Traceback (most recent call last):
  File "c:\users\karth\desktop\code_quality_analyser\python_smells_detector-90a0\src\code_quality_analyzer\code_smell_detector.py", line 91, in detect_smells
    detect_method(module, file_path)
  File "c:\users\karth\desktop\code_quality_analyser\python_smells_detector-90a0\src\code_quality_analyzer\code_smell_detector.py", line 868, in detect_speculative_generality
    len(unused_params) >= self.thresholds["UNUSED_PARAMETERS_THRESHOLD"]):
                          ~~~~~~~~~~~~~~~^^^^^^^^^^^^^^^^^^^^^^^^^^^^^^^
KeyError: 'UNUSED_PARAMETERS_THRESHOLD'
2024-11-27 16:05:34,642 - code_quality_analyzer.code_smell_detector - ERROR - Unexpected error analyzing src\code_quality_analyzer\structural_smell_detector.py: Error in detect_speculative_generality: 'UNUSED_PARAMETERS_THRESHOLD'
File: src\code_quality_analyzer\structural_smell_detector.py
Line: None
Function: detect_speculative_generality
Traceback (most recent call last):
  File "c:\users\karth\desktop\code_quality_analyser\python_smells_detector-90a0\src\code_quality_analyzer\code_smell_detector.py", line 91, in detect_smells
    detect_method(module, file_path)
  File "c:\users\karth\desktop\code_quality_analyser\python_smells_detector-90a0\src\code_quality_analyzer\code_smell_detector.py", line 868, in detect_speculative_generality
    len(unused_params) >= self.thresholds["UNUSED_PARAMETERS_THRESHOLD"]):
                          ~~~~~~~~~~~~~~~^^^^^^^^^^^^^^^^^^^^^^^^^^^^^^^
KeyError: 'UNUSED_PARAMETERS_THRESHOLD'

During handling of the above exception, another exception occurred:

Traceback (most recent call last):
  File "c:\users\karth\desktop\code_quality_analyser\python_smells_detector-90a0\src\code_quality_analyzer\code_smell_detector.py", line 97, in detect_smells
    raise CodeAnalysisError(
code_quality_analyzer.exceptions.CodeAnalysisError: Error in detect_speculative_generality: 'UNUSED_PARAMETERS_THRESHOLD'
File: src\code_quality_analyzer\structural_smell_detector.py
Line: None
Function: detect_speculative_generality
2024-11-27 16:05:34,650 - code_quality_analyzer.main - ERROR - Error analyzing src\code_quality_analyzer\structural_smell_detector.py: Unexpected error: Error in detect_speculative_generality: 'UNUSED_PARAMETERS_THRESHOLD'
File: src\code_quality_analyzer\structural_smell_detector.py
Line: None
Function: detect_speculative_generality
File: src\code_quality_analyzer\structural_smell_detector.py
Line: None
Function: None
2024-11-27 16:05:34,657 - code_quality_analyzer.main - WARNING - Errors encountered during code smell analysis:
2024-11-27 16:05:34,657 - code_quality_analyzer.main - WARNING - 
File: src\code_quality_analyzer\architectural_smell_detector.py
Error Type: CodeAnalysisError
Error Message: Unexpected error: Error in detect_speculative_generality: 'UNUSED_PARAMETERS_THRESHOLD'
File: src\code_quality_analyzer\architectural_smell_detector.py
Line: None
Function: detect_speculative_generality
File: src\code_quality_analyzer\architectural_smell_detector.py
Line: None
Function: None
Detector: CodeSmellDetector
Function: None
            
2024-11-27 16:05:34,660 - code_quality_analyzer.main - WARNING - 
File: src\code_quality_analyzer\code_smell_detector.py
Error Type: CodeAnalysisError
Error Message: Unexpected error: Error in detect_speculative_generality: 'UNUSED_PARAMETERS_THRESHOLD'
File: src\code_quality_analyzer\code_smell_detector.py
Line: None
Function: detect_speculative_generality
File: src\code_quality_analyzer\code_smell_detector.py
Line: None
Function: None
Detector: CodeSmellDetector
Function: None
            
2024-11-27 16:05:34,663 - code_quality_analyzer.main - WARNING - 
File: src\code_quality_analyzer\config_handler.py
Error Type: CodeAnalysisError
Error Message: Unexpected error: Error in detect_speculative_generality: 'UNUSED_PARAMETERS_THRESHOLD'
File: src\code_quality_analyzer\config_handler.py
Line: None
Function: detect_speculative_generality
File: src\code_quality_analyzer\config_handler.py
Line: None
Function: None
Detector: CodeSmellDetector
Function: None
            
2024-11-27 16:05:34,666 - code_quality_analyzer.main - WARNING - 
File: src\code_quality_analyzer\exceptions.py
Error Type: CodeAnalysisError
Error Message: Unexpected error: Error in detect_speculative_generality: 'UNUSED_PARAMETERS_THRESHOLD'
File: src\code_quality_analyzer\exceptions.py
Line: None
Function: detect_speculative_generality
File: src\code_quality_analyzer\exceptions.py
Line: None
Function: None
Detector: CodeSmellDetector
Function: None
            
2024-11-27 16:05:34,671 - code_quality_analyzer.main - WARNING - 
File: src\code_quality_analyzer\structural_smell_detector.py
Error Type: CodeAnalysisError
Error Message: Unexpected error: Error in detect_speculative_generality: 'UNUSED_PARAMETERS_THRESHOLD'
File: src\code_quality_analyzer\structural_smell_detector.py
Line: None
Function: detect_speculative_generality
File: src\code_quality_analyzer\structural_smell_detector.py
Line: None
Function: None
Detector: CodeSmellDetector
Function: None
            
2024-11-27 16:05:34,675 - code_quality_analyzer.architectural_smell_detector - INFO - Analyzing directory structure: src
2024-11-27 16:05:36,025 - numexpr.utils - INFO - Note: NumExpr detected 20 cores but "NUMEXPR_MAX_THREADS" not set, so enforcing safe limit of 8.
2024-11-27 16:05:36,026 - numexpr.utils - INFO - NumExpr defaulting to 8 threads.
2024-11-27 16:05:37,057 - code_quality_analyzer.structural_smell_detector - INFO - Analyzing directory structure: src
2024-11-27 16:05:37,059 - code_quality_analyzer.structural_smell_detector - INFO - Starting analysis of directory: src
2024-11-27 16:05:37,266 - code_quality_analyzer.structural_smell_detector - INFO - 
Analysis Summary:
----------------
Files analyzed: 7
Files with errors: 0
Success rate: 100.0%
        
2024-11-27 16:05:37,268 - code_quality_analyzer.structural_smell_detector - INFO - Detecting NOM smells with threshold: 10
2024-11-27 16:05:37,269 - code_quality_analyzer.structural_smell_detector - INFO - Detected NOM smell in code_quality_analyzer.architectural_smell_detector.ArchitecturalSmellDetector: 15 methods
2024-11-27 16:05:37,270 - code_quality_analyzer.structural_smell_detector - INFO - Detected NOM smell in code_quality_analyzer.code_smell_detector.CodeSmellDetector: 24 methods
2024-11-27 16:05:37,271 - code_quality_analyzer.structural_smell_detector - INFO - Detected NOM smell in code_quality_analyzer.structural_smell_detector.StructuralSmellDetector: 34 methods
2024-11-27 16:05:37,435 - code_quality_analyzer.structural_smell_detector - INFO - Analysis complete. Found 94 structural smells.
2024-11-27 16:05:37,437 - code_quality_analyzer.main - INFO - Structural smell analysis complete. Found 94 smells.
2024-11-27 16:05:37,444 - code_quality_analyzer.main - INFO - CSV report generated and saved to code_quality_report.csv
2025-05-30 16:42:45,408 - code_quality_analyzer.main - INFO - Loading configuration from: code_quality_config.yaml
2025-05-30 16:42:45,427 - code_quality_analyzer.config_handler - INFO - Loading configuration from: code_quality_config.yaml
2025-05-30 16:42:45,427 - code_quality_analyzer.config_handler - INFO - Loaded thresholds: {'code_smells': {'LONG_METHOD_LINES': 45, 'LARGE_CLASS_METHODS': 15, 'PRIMITIVE_OBSESSION_COUNT': 4, 'LONG_PARAMETER_LIST': 5, 'COMPLEX_CONDITIONAL': 3, 'DIVERGENT_CHANGE_PREFIXES': 4, 'SHOTGUN_SURGERY_CALLS': 5, 'EXCESSIVE_COMMENTS_RATIO': 0.3, 'LAZY_CLASS_METHODS': 4, 'FEATURE_ENVY_CALLS': 3, 'INAPPROPRIATE_INTIMACY_SHARED': 3, 'MESSAGE_CHAIN_LENGTH': 3, 'DATA_CLUMPS_THRESHOLD': 6, 'TEMPORARY_FIELD_THRESHOLD': 3, 'ALTERNATIVE_CLASSES_THRESHOLD': 3, 'DUPLICATE_CODE_THRESHOLD': 15, 'DEAD_CODE_THRESHOLD': 3, 'SPECULATIVE_GENERALITY_THRESHOLD': 4, 'MIDDLE_MAN_RATIO': 0.5, 'DIVERGENT_CHANGE_METHODS': 5, 'SHOTGUN_SURGERY_CONTEXTS': 3, 'DUPLICATE_CODE_MIN_LINES': 5, 'LARGE_COMMENT_BLOCKS': 5}, 'architectural_smells': {'GOD_OBJECT_FUNCTIONS': 20, 'UNSTABLE_DEPENDENCY_THRESHOLD': 0.8, 'HUB_LIKE_DEPENDENCY_RATIO': 0.3, 'REDUNDANT_ABSTRACTION_SIMILARITY': 0.7, 'IMPROPER_API_USAGE_RATIO': 0.7, 'CYCLIC_DEPENDENCY_MAX_LENGTH': 3}, 'structural_smells': {'NOM_THRESHOLD': 10, 'WMPC1_THRESHOLD': 20, 'WMPC2_THRESHOLD': 20, 'SIZE2_THRESHOLD': 15, 'WAC_THRESHOLD': 10, 'LCOM_THRESHOLD': 10, 'RFC_THRESHOLD': 20, 'NOCC_THRESHOLD': 10, 'DIT_THRESHOLD': 3, 'LOC_THRESHOLD': 150, 'MPC_THRESHOLD': 25, 'CBO_THRESHOLD': 5, 'NOC_THRESHOLD': 7, 'CYCLOMATIC_COMPLEXITY_THRESHOLD': 10, 'MAX_FANOUT': 15, 'MAX_FANIN': 15, 'MAX_FILE_LENGTH': 250, 'MAX_BRANCHES': 10, 'MAX_NESTING_DEPTH': 4}}
2025-05-30 16:42:45,427 - code_quality_analyzer.architectural_smell_detector - INFO - Analyzing directory structure: ../transformers/v4.39.0
2025-05-30 16:43:10,024 - code_quality_analyzer.architectural_smell_detector - ERROR - Error analyzing directory ../transformers/v4.39.0: module 'sys' has no attribute 'stdlib_module_names'
Traceback (most recent call last):
  File "/Volumes/SanDisk-Pol/scrape-github/python_smells_detector-main/src/code_quality_analyzer/architectural_smell_detector.py", line 90, in detect_smells
    self.analyze_directory(directory_path)
  File "/Volumes/SanDisk-Pol/scrape-github/python_smells_detector-main/src/code_quality_analyzer/architectural_smell_detector.py", line 126, in analyze_directory
    self.resolve_external_dependencies()
  File "/Volumes/SanDisk-Pol/scrape-github/python_smells_detector-main/src/code_quality_analyzer/architectural_smell_detector.py", line 202, in resolve_external_dependencies
    standard_lib_modules = set(sys.stdlib_module_names)
AttributeError: module 'sys' has no attribute 'stdlib_module_names'
2025-05-30 16:43:10,027 - code_quality_analyzer.main - ERROR - Error in architectural analysis: module 'sys' has no attribute 'stdlib_module_names'
File: ../transformers/v4.39.0
Line: None
Function: None
Traceback (most recent call last):
  File "/Volumes/SanDisk-Pol/scrape-github/python_smells_detector-main/src/code_quality_analyzer/architectural_smell_detector.py", line 90, in detect_smells
    self.analyze_directory(directory_path)
  File "/Volumes/SanDisk-Pol/scrape-github/python_smells_detector-main/src/code_quality_analyzer/architectural_smell_detector.py", line 126, in analyze_directory
    self.resolve_external_dependencies()
  File "/Volumes/SanDisk-Pol/scrape-github/python_smells_detector-main/src/code_quality_analyzer/architectural_smell_detector.py", line 202, in resolve_external_dependencies
    standard_lib_modules = set(sys.stdlib_module_names)
AttributeError: module 'sys' has no attribute 'stdlib_module_names'

During handling of the above exception, another exception occurred:

Traceback (most recent call last):
  File "/Volumes/SanDisk-Pol/scrape-github/python_smells_detector-main/src/code_quality_analyzer/main.py", line 108, in analyze_architectural_smells
    detector.detect_smells(directory_path)
  File "/Volumes/SanDisk-Pol/scrape-github/python_smells_detector-main/src/code_quality_analyzer/architectural_smell_detector.py", line 107, in detect_smells
    raise CodeAnalysisError(
code_quality_analyzer.exceptions.CodeAnalysisError: module 'sys' has no attribute 'stdlib_module_names'
File: ../transformers/v4.39.0
Line: None
Function: None
2025-05-30 16:43:10,029 - code_quality_analyzer.main - WARNING - Errors encountered during architectural analysis:
2025-05-30 16:43:10,029 - code_quality_analyzer.main - WARNING - 
File: ../transformers/v4.39.0
Error Type: CodeAnalysisError
Error Message: module 'sys' has no attribute 'stdlib_module_names'
File: ../transformers/v4.39.0
Line: None
Function: None
Detector: ArchitecturalSmellDetector
Function: None
            
2025-05-30 16:43:10,051 - code_quality_analyzer.main - INFO - CSV report generated and saved to code_quality_report.csv
2025-05-30 16:43:10,504 - code_quality_analyzer.main - INFO - Loading configuration from: code_quality_config.yaml
2025-05-30 16:43:10,523 - code_quality_analyzer.config_handler - INFO - Loading configuration from: code_quality_config.yaml
2025-05-30 16:43:10,524 - code_quality_analyzer.config_handler - INFO - Loaded thresholds: {'code_smells': {'LONG_METHOD_LINES': 45, 'LARGE_CLASS_METHODS': 15, 'PRIMITIVE_OBSESSION_COUNT': 4, 'LONG_PARAMETER_LIST': 5, 'COMPLEX_CONDITIONAL': 3, 'DIVERGENT_CHANGE_PREFIXES': 4, 'SHOTGUN_SURGERY_CALLS': 5, 'EXCESSIVE_COMMENTS_RATIO': 0.3, 'LAZY_CLASS_METHODS': 4, 'FEATURE_ENVY_CALLS': 3, 'INAPPROPRIATE_INTIMACY_SHARED': 3, 'MESSAGE_CHAIN_LENGTH': 3, 'DATA_CLUMPS_THRESHOLD': 6, 'TEMPORARY_FIELD_THRESHOLD': 3, 'ALTERNATIVE_CLASSES_THRESHOLD': 3, 'DUPLICATE_CODE_THRESHOLD': 15, 'DEAD_CODE_THRESHOLD': 3, 'SPECULATIVE_GENERALITY_THRESHOLD': 4, 'MIDDLE_MAN_RATIO': 0.5, 'DIVERGENT_CHANGE_METHODS': 5, 'SHOTGUN_SURGERY_CONTEXTS': 3, 'DUPLICATE_CODE_MIN_LINES': 5, 'LARGE_COMMENT_BLOCKS': 5}, 'architectural_smells': {'GOD_OBJECT_FUNCTIONS': 20, 'UNSTABLE_DEPENDENCY_THRESHOLD': 0.8, 'HUB_LIKE_DEPENDENCY_RATIO': 0.3, 'REDUNDANT_ABSTRACTION_SIMILARITY': 0.7, 'IMPROPER_API_USAGE_RATIO': 0.7, 'CYCLIC_DEPENDENCY_MAX_LENGTH': 3}, 'structural_smells': {'NOM_THRESHOLD': 10, 'WMPC1_THRESHOLD': 20, 'WMPC2_THRESHOLD': 20, 'SIZE2_THRESHOLD': 15, 'WAC_THRESHOLD': 10, 'LCOM_THRESHOLD': 10, 'RFC_THRESHOLD': 20, 'NOCC_THRESHOLD': 10, 'DIT_THRESHOLD': 3, 'LOC_THRESHOLD': 150, 'MPC_THRESHOLD': 25, 'CBO_THRESHOLD': 5, 'NOC_THRESHOLD': 7, 'CYCLOMATIC_COMPLEXITY_THRESHOLD': 10, 'MAX_FANOUT': 15, 'MAX_FANIN': 15, 'MAX_FILE_LENGTH': 250, 'MAX_BRANCHES': 10, 'MAX_NESTING_DEPTH': 4}}
2025-05-30 16:43:10,524 - code_quality_analyzer.architectural_smell_detector - INFO - Analyzing directory structure: ../transformers/v4.39.1
2025-05-30 16:43:35,123 - code_quality_analyzer.architectural_smell_detector - ERROR - Error analyzing directory ../transformers/v4.39.1: module 'sys' has no attribute 'stdlib_module_names'
Traceback (most recent call last):
  File "/Volumes/SanDisk-Pol/scrape-github/python_smells_detector-main/src/code_quality_analyzer/architectural_smell_detector.py", line 90, in detect_smells
    self.analyze_directory(directory_path)
  File "/Volumes/SanDisk-Pol/scrape-github/python_smells_detector-main/src/code_quality_analyzer/architectural_smell_detector.py", line 126, in analyze_directory
    self.resolve_external_dependencies()
  File "/Volumes/SanDisk-Pol/scrape-github/python_smells_detector-main/src/code_quality_analyzer/architectural_smell_detector.py", line 202, in resolve_external_dependencies
    standard_lib_modules = set(sys.stdlib_module_names)
AttributeError: module 'sys' has no attribute 'stdlib_module_names'
2025-05-30 16:43:35,126 - code_quality_analyzer.main - ERROR - Error in architectural analysis: module 'sys' has no attribute 'stdlib_module_names'
File: ../transformers/v4.39.1
Line: None
Function: None
Traceback (most recent call last):
  File "/Volumes/SanDisk-Pol/scrape-github/python_smells_detector-main/src/code_quality_analyzer/architectural_smell_detector.py", line 90, in detect_smells
    self.analyze_directory(directory_path)
  File "/Volumes/SanDisk-Pol/scrape-github/python_smells_detector-main/src/code_quality_analyzer/architectural_smell_detector.py", line 126, in analyze_directory
    self.resolve_external_dependencies()
  File "/Volumes/SanDisk-Pol/scrape-github/python_smells_detector-main/src/code_quality_analyzer/architectural_smell_detector.py", line 202, in resolve_external_dependencies
    standard_lib_modules = set(sys.stdlib_module_names)
AttributeError: module 'sys' has no attribute 'stdlib_module_names'

During handling of the above exception, another exception occurred:

Traceback (most recent call last):
  File "/Volumes/SanDisk-Pol/scrape-github/python_smells_detector-main/src/code_quality_analyzer/main.py", line 108, in analyze_architectural_smells
    detector.detect_smells(directory_path)
  File "/Volumes/SanDisk-Pol/scrape-github/python_smells_detector-main/src/code_quality_analyzer/architectural_smell_detector.py", line 107, in detect_smells
    raise CodeAnalysisError(
code_quality_analyzer.exceptions.CodeAnalysisError: module 'sys' has no attribute 'stdlib_module_names'
File: ../transformers/v4.39.1
Line: None
Function: None
2025-05-30 16:43:35,128 - code_quality_analyzer.main - WARNING - Errors encountered during architectural analysis:
2025-05-30 16:43:35,128 - code_quality_analyzer.main - WARNING - 
File: ../transformers/v4.39.1
Error Type: CodeAnalysisError
Error Message: module 'sys' has no attribute 'stdlib_module_names'
File: ../transformers/v4.39.1
Line: None
Function: None
Detector: ArchitecturalSmellDetector
Function: None
            
2025-05-30 16:43:35,142 - code_quality_analyzer.main - INFO - CSV report generated and saved to code_quality_report.csv
2025-05-30 16:43:35,617 - code_quality_analyzer.main - INFO - Loading configuration from: code_quality_config.yaml
2025-05-30 16:43:35,631 - code_quality_analyzer.config_handler - INFO - Loading configuration from: code_quality_config.yaml
2025-05-30 16:43:35,631 - code_quality_analyzer.config_handler - INFO - Loaded thresholds: {'code_smells': {'LONG_METHOD_LINES': 45, 'LARGE_CLASS_METHODS': 15, 'PRIMITIVE_OBSESSION_COUNT': 4, 'LONG_PARAMETER_LIST': 5, 'COMPLEX_CONDITIONAL': 3, 'DIVERGENT_CHANGE_PREFIXES': 4, 'SHOTGUN_SURGERY_CALLS': 5, 'EXCESSIVE_COMMENTS_RATIO': 0.3, 'LAZY_CLASS_METHODS': 4, 'FEATURE_ENVY_CALLS': 3, 'INAPPROPRIATE_INTIMACY_SHARED': 3, 'MESSAGE_CHAIN_LENGTH': 3, 'DATA_CLUMPS_THRESHOLD': 6, 'TEMPORARY_FIELD_THRESHOLD': 3, 'ALTERNATIVE_CLASSES_THRESHOLD': 3, 'DUPLICATE_CODE_THRESHOLD': 15, 'DEAD_CODE_THRESHOLD': 3, 'SPECULATIVE_GENERALITY_THRESHOLD': 4, 'MIDDLE_MAN_RATIO': 0.5, 'DIVERGENT_CHANGE_METHODS': 5, 'SHOTGUN_SURGERY_CONTEXTS': 3, 'DUPLICATE_CODE_MIN_LINES': 5, 'LARGE_COMMENT_BLOCKS': 5}, 'architectural_smells': {'GOD_OBJECT_FUNCTIONS': 20, 'UNSTABLE_DEPENDENCY_THRESHOLD': 0.8, 'HUB_LIKE_DEPENDENCY_RATIO': 0.3, 'REDUNDANT_ABSTRACTION_SIMILARITY': 0.7, 'IMPROPER_API_USAGE_RATIO': 0.7, 'CYCLIC_DEPENDENCY_MAX_LENGTH': 3}, 'structural_smells': {'NOM_THRESHOLD': 10, 'WMPC1_THRESHOLD': 20, 'WMPC2_THRESHOLD': 20, 'SIZE2_THRESHOLD': 15, 'WAC_THRESHOLD': 10, 'LCOM_THRESHOLD': 10, 'RFC_THRESHOLD': 20, 'NOCC_THRESHOLD': 10, 'DIT_THRESHOLD': 3, 'LOC_THRESHOLD': 150, 'MPC_THRESHOLD': 25, 'CBO_THRESHOLD': 5, 'NOC_THRESHOLD': 7, 'CYCLOMATIC_COMPLEXITY_THRESHOLD': 10, 'MAX_FANOUT': 15, 'MAX_FANIN': 15, 'MAX_FILE_LENGTH': 250, 'MAX_BRANCHES': 10, 'MAX_NESTING_DEPTH': 4}}
2025-05-30 16:43:35,631 - code_quality_analyzer.architectural_smell_detector - INFO - Analyzing directory structure: ../transformers/v4.39.2
2025-05-30 16:44:01,064 - code_quality_analyzer.architectural_smell_detector - ERROR - Error analyzing directory ../transformers/v4.39.2: module 'sys' has no attribute 'stdlib_module_names'
Traceback (most recent call last):
  File "/Volumes/SanDisk-Pol/scrape-github/python_smells_detector-main/src/code_quality_analyzer/architectural_smell_detector.py", line 90, in detect_smells
    self.analyze_directory(directory_path)
  File "/Volumes/SanDisk-Pol/scrape-github/python_smells_detector-main/src/code_quality_analyzer/architectural_smell_detector.py", line 126, in analyze_directory
    self.resolve_external_dependencies()
  File "/Volumes/SanDisk-Pol/scrape-github/python_smells_detector-main/src/code_quality_analyzer/architectural_smell_detector.py", line 202, in resolve_external_dependencies
    standard_lib_modules = set(sys.stdlib_module_names)
AttributeError: module 'sys' has no attribute 'stdlib_module_names'
2025-05-30 16:44:01,067 - code_quality_analyzer.main - ERROR - Error in architectural analysis: module 'sys' has no attribute 'stdlib_module_names'
File: ../transformers/v4.39.2
Line: None
Function: None
Traceback (most recent call last):
  File "/Volumes/SanDisk-Pol/scrape-github/python_smells_detector-main/src/code_quality_analyzer/architectural_smell_detector.py", line 90, in detect_smells
    self.analyze_directory(directory_path)
  File "/Volumes/SanDisk-Pol/scrape-github/python_smells_detector-main/src/code_quality_analyzer/architectural_smell_detector.py", line 126, in analyze_directory
    self.resolve_external_dependencies()
  File "/Volumes/SanDisk-Pol/scrape-github/python_smells_detector-main/src/code_quality_analyzer/architectural_smell_detector.py", line 202, in resolve_external_dependencies
    standard_lib_modules = set(sys.stdlib_module_names)
AttributeError: module 'sys' has no attribute 'stdlib_module_names'

During handling of the above exception, another exception occurred:

Traceback (most recent call last):
  File "/Volumes/SanDisk-Pol/scrape-github/python_smells_detector-main/src/code_quality_analyzer/main.py", line 108, in analyze_architectural_smells
    detector.detect_smells(directory_path)
  File "/Volumes/SanDisk-Pol/scrape-github/python_smells_detector-main/src/code_quality_analyzer/architectural_smell_detector.py", line 107, in detect_smells
    raise CodeAnalysisError(
code_quality_analyzer.exceptions.CodeAnalysisError: module 'sys' has no attribute 'stdlib_module_names'
File: ../transformers/v4.39.2
Line: None
Function: None
2025-05-30 16:44:01,069 - code_quality_analyzer.main - WARNING - Errors encountered during architectural analysis:
2025-05-30 16:44:01,069 - code_quality_analyzer.main - WARNING - 
File: ../transformers/v4.39.2
Error Type: CodeAnalysisError
Error Message: module 'sys' has no attribute 'stdlib_module_names'
File: ../transformers/v4.39.2
Line: None
Function: None
Detector: ArchitecturalSmellDetector
Function: None
            
2025-05-30 16:44:01,084 - code_quality_analyzer.main - INFO - CSV report generated and saved to code_quality_report.csv
2025-05-30 16:44:01,512 - code_quality_analyzer.main - INFO - Loading configuration from: code_quality_config.yaml
2025-05-30 16:44:01,531 - code_quality_analyzer.config_handler - INFO - Loading configuration from: code_quality_config.yaml
2025-05-30 16:44:01,531 - code_quality_analyzer.config_handler - INFO - Loaded thresholds: {'code_smells': {'LONG_METHOD_LINES': 45, 'LARGE_CLASS_METHODS': 15, 'PRIMITIVE_OBSESSION_COUNT': 4, 'LONG_PARAMETER_LIST': 5, 'COMPLEX_CONDITIONAL': 3, 'DIVERGENT_CHANGE_PREFIXES': 4, 'SHOTGUN_SURGERY_CALLS': 5, 'EXCESSIVE_COMMENTS_RATIO': 0.3, 'LAZY_CLASS_METHODS': 4, 'FEATURE_ENVY_CALLS': 3, 'INAPPROPRIATE_INTIMACY_SHARED': 3, 'MESSAGE_CHAIN_LENGTH': 3, 'DATA_CLUMPS_THRESHOLD': 6, 'TEMPORARY_FIELD_THRESHOLD': 3, 'ALTERNATIVE_CLASSES_THRESHOLD': 3, 'DUPLICATE_CODE_THRESHOLD': 15, 'DEAD_CODE_THRESHOLD': 3, 'SPECULATIVE_GENERALITY_THRESHOLD': 4, 'MIDDLE_MAN_RATIO': 0.5, 'DIVERGENT_CHANGE_METHODS': 5, 'SHOTGUN_SURGERY_CONTEXTS': 3, 'DUPLICATE_CODE_MIN_LINES': 5, 'LARGE_COMMENT_BLOCKS': 5}, 'architectural_smells': {'GOD_OBJECT_FUNCTIONS': 20, 'UNSTABLE_DEPENDENCY_THRESHOLD': 0.8, 'HUB_LIKE_DEPENDENCY_RATIO': 0.3, 'REDUNDANT_ABSTRACTION_SIMILARITY': 0.7, 'IMPROPER_API_USAGE_RATIO': 0.7, 'CYCLIC_DEPENDENCY_MAX_LENGTH': 3}, 'structural_smells': {'NOM_THRESHOLD': 10, 'WMPC1_THRESHOLD': 20, 'WMPC2_THRESHOLD': 20, 'SIZE2_THRESHOLD': 15, 'WAC_THRESHOLD': 10, 'LCOM_THRESHOLD': 10, 'RFC_THRESHOLD': 20, 'NOCC_THRESHOLD': 10, 'DIT_THRESHOLD': 3, 'LOC_THRESHOLD': 150, 'MPC_THRESHOLD': 25, 'CBO_THRESHOLD': 5, 'NOC_THRESHOLD': 7, 'CYCLOMATIC_COMPLEXITY_THRESHOLD': 10, 'MAX_FANOUT': 15, 'MAX_FANIN': 15, 'MAX_FILE_LENGTH': 250, 'MAX_BRANCHES': 10, 'MAX_NESTING_DEPTH': 4}}
2025-05-30 16:44:01,531 - code_quality_analyzer.architectural_smell_detector - INFO - Analyzing directory structure: ../transformers/v4.39.3
2025-05-30 16:44:27,248 - code_quality_analyzer.architectural_smell_detector - ERROR - Error analyzing directory ../transformers/v4.39.3: module 'sys' has no attribute 'stdlib_module_names'
Traceback (most recent call last):
  File "/Volumes/SanDisk-Pol/scrape-github/python_smells_detector-main/src/code_quality_analyzer/architectural_smell_detector.py", line 90, in detect_smells
    self.analyze_directory(directory_path)
  File "/Volumes/SanDisk-Pol/scrape-github/python_smells_detector-main/src/code_quality_analyzer/architectural_smell_detector.py", line 126, in analyze_directory
    self.resolve_external_dependencies()
  File "/Volumes/SanDisk-Pol/scrape-github/python_smells_detector-main/src/code_quality_analyzer/architectural_smell_detector.py", line 202, in resolve_external_dependencies
    standard_lib_modules = set(sys.stdlib_module_names)
AttributeError: module 'sys' has no attribute 'stdlib_module_names'
2025-05-30 16:44:27,250 - code_quality_analyzer.main - ERROR - Error in architectural analysis: module 'sys' has no attribute 'stdlib_module_names'
File: ../transformers/v4.39.3
Line: None
Function: None
Traceback (most recent call last):
  File "/Volumes/SanDisk-Pol/scrape-github/python_smells_detector-main/src/code_quality_analyzer/architectural_smell_detector.py", line 90, in detect_smells
    self.analyze_directory(directory_path)
  File "/Volumes/SanDisk-Pol/scrape-github/python_smells_detector-main/src/code_quality_analyzer/architectural_smell_detector.py", line 126, in analyze_directory
    self.resolve_external_dependencies()
  File "/Volumes/SanDisk-Pol/scrape-github/python_smells_detector-main/src/code_quality_analyzer/architectural_smell_detector.py", line 202, in resolve_external_dependencies
    standard_lib_modules = set(sys.stdlib_module_names)
AttributeError: module 'sys' has no attribute 'stdlib_module_names'

During handling of the above exception, another exception occurred:

Traceback (most recent call last):
  File "/Volumes/SanDisk-Pol/scrape-github/python_smells_detector-main/src/code_quality_analyzer/main.py", line 108, in analyze_architectural_smells
    detector.detect_smells(directory_path)
  File "/Volumes/SanDisk-Pol/scrape-github/python_smells_detector-main/src/code_quality_analyzer/architectural_smell_detector.py", line 107, in detect_smells
    raise CodeAnalysisError(
code_quality_analyzer.exceptions.CodeAnalysisError: module 'sys' has no attribute 'stdlib_module_names'
File: ../transformers/v4.39.3
Line: None
Function: None
2025-05-30 16:44:27,252 - code_quality_analyzer.main - WARNING - Errors encountered during architectural analysis:
2025-05-30 16:44:27,252 - code_quality_analyzer.main - WARNING - 
File: ../transformers/v4.39.3
Error Type: CodeAnalysisError
Error Message: module 'sys' has no attribute 'stdlib_module_names'
File: ../transformers/v4.39.3
Line: None
Function: None
Detector: ArchitecturalSmellDetector
Function: None
            
2025-05-30 16:44:27,269 - code_quality_analyzer.main - INFO - CSV report generated and saved to code_quality_report.csv
2025-05-30 16:44:27,740 - code_quality_analyzer.main - INFO - Loading configuration from: code_quality_config.yaml
2025-05-30 16:44:27,760 - code_quality_analyzer.config_handler - INFO - Loading configuration from: code_quality_config.yaml
2025-05-30 16:44:27,760 - code_quality_analyzer.config_handler - INFO - Loaded thresholds: {'code_smells': {'LONG_METHOD_LINES': 45, 'LARGE_CLASS_METHODS': 15, 'PRIMITIVE_OBSESSION_COUNT': 4, 'LONG_PARAMETER_LIST': 5, 'COMPLEX_CONDITIONAL': 3, 'DIVERGENT_CHANGE_PREFIXES': 4, 'SHOTGUN_SURGERY_CALLS': 5, 'EXCESSIVE_COMMENTS_RATIO': 0.3, 'LAZY_CLASS_METHODS': 4, 'FEATURE_ENVY_CALLS': 3, 'INAPPROPRIATE_INTIMACY_SHARED': 3, 'MESSAGE_CHAIN_LENGTH': 3, 'DATA_CLUMPS_THRESHOLD': 6, 'TEMPORARY_FIELD_THRESHOLD': 3, 'ALTERNATIVE_CLASSES_THRESHOLD': 3, 'DUPLICATE_CODE_THRESHOLD': 15, 'DEAD_CODE_THRESHOLD': 3, 'SPECULATIVE_GENERALITY_THRESHOLD': 4, 'MIDDLE_MAN_RATIO': 0.5, 'DIVERGENT_CHANGE_METHODS': 5, 'SHOTGUN_SURGERY_CONTEXTS': 3, 'DUPLICATE_CODE_MIN_LINES': 5, 'LARGE_COMMENT_BLOCKS': 5}, 'architectural_smells': {'GOD_OBJECT_FUNCTIONS': 20, 'UNSTABLE_DEPENDENCY_THRESHOLD': 0.8, 'HUB_LIKE_DEPENDENCY_RATIO': 0.3, 'REDUNDANT_ABSTRACTION_SIMILARITY': 0.7, 'IMPROPER_API_USAGE_RATIO': 0.7, 'CYCLIC_DEPENDENCY_MAX_LENGTH': 3}, 'structural_smells': {'NOM_THRESHOLD': 10, 'WMPC1_THRESHOLD': 20, 'WMPC2_THRESHOLD': 20, 'SIZE2_THRESHOLD': 15, 'WAC_THRESHOLD': 10, 'LCOM_THRESHOLD': 10, 'RFC_THRESHOLD': 20, 'NOCC_THRESHOLD': 10, 'DIT_THRESHOLD': 3, 'LOC_THRESHOLD': 150, 'MPC_THRESHOLD': 25, 'CBO_THRESHOLD': 5, 'NOC_THRESHOLD': 7, 'CYCLOMATIC_COMPLEXITY_THRESHOLD': 10, 'MAX_FANOUT': 15, 'MAX_FANIN': 15, 'MAX_FILE_LENGTH': 250, 'MAX_BRANCHES': 10, 'MAX_NESTING_DEPTH': 4}}
2025-05-30 16:44:27,761 - code_quality_analyzer.architectural_smell_detector - INFO - Analyzing directory structure: ../transformers/v4.40.0
2025-05-30 16:44:53,556 - code_quality_analyzer.architectural_smell_detector - ERROR - Error analyzing directory ../transformers/v4.40.0: module 'sys' has no attribute 'stdlib_module_names'
Traceback (most recent call last):
  File "/Volumes/SanDisk-Pol/scrape-github/python_smells_detector-main/src/code_quality_analyzer/architectural_smell_detector.py", line 90, in detect_smells
    self.analyze_directory(directory_path)
  File "/Volumes/SanDisk-Pol/scrape-github/python_smells_detector-main/src/code_quality_analyzer/architectural_smell_detector.py", line 126, in analyze_directory
    self.resolve_external_dependencies()
  File "/Volumes/SanDisk-Pol/scrape-github/python_smells_detector-main/src/code_quality_analyzer/architectural_smell_detector.py", line 202, in resolve_external_dependencies
    standard_lib_modules = set(sys.stdlib_module_names)
AttributeError: module 'sys' has no attribute 'stdlib_module_names'
2025-05-30 16:44:53,559 - code_quality_analyzer.main - ERROR - Error in architectural analysis: module 'sys' has no attribute 'stdlib_module_names'
File: ../transformers/v4.40.0
Line: None
Function: None
Traceback (most recent call last):
  File "/Volumes/SanDisk-Pol/scrape-github/python_smells_detector-main/src/code_quality_analyzer/architectural_smell_detector.py", line 90, in detect_smells
    self.analyze_directory(directory_path)
  File "/Volumes/SanDisk-Pol/scrape-github/python_smells_detector-main/src/code_quality_analyzer/architectural_smell_detector.py", line 126, in analyze_directory
    self.resolve_external_dependencies()
  File "/Volumes/SanDisk-Pol/scrape-github/python_smells_detector-main/src/code_quality_analyzer/architectural_smell_detector.py", line 202, in resolve_external_dependencies
    standard_lib_modules = set(sys.stdlib_module_names)
AttributeError: module 'sys' has no attribute 'stdlib_module_names'

During handling of the above exception, another exception occurred:

Traceback (most recent call last):
  File "/Volumes/SanDisk-Pol/scrape-github/python_smells_detector-main/src/code_quality_analyzer/main.py", line 108, in analyze_architectural_smells
    detector.detect_smells(directory_path)
  File "/Volumes/SanDisk-Pol/scrape-github/python_smells_detector-main/src/code_quality_analyzer/architectural_smell_detector.py", line 107, in detect_smells
    raise CodeAnalysisError(
code_quality_analyzer.exceptions.CodeAnalysisError: module 'sys' has no attribute 'stdlib_module_names'
File: ../transformers/v4.40.0
Line: None
Function: None
2025-05-30 16:44:53,561 - code_quality_analyzer.main - WARNING - Errors encountered during architectural analysis:
2025-05-30 16:44:53,561 - code_quality_analyzer.main - WARNING - 
File: ../transformers/v4.40.0
Error Type: CodeAnalysisError
Error Message: module 'sys' has no attribute 'stdlib_module_names'
File: ../transformers/v4.40.0
Line: None
Function: None
Detector: ArchitecturalSmellDetector
Function: None
            
2025-05-30 16:44:53,576 - code_quality_analyzer.main - INFO - CSV report generated and saved to code_quality_report.csv
2025-05-30 16:44:54,034 - code_quality_analyzer.main - INFO - Loading configuration from: code_quality_config.yaml
2025-05-30 16:44:54,053 - code_quality_analyzer.config_handler - INFO - Loading configuration from: code_quality_config.yaml
2025-05-30 16:44:54,053 - code_quality_analyzer.config_handler - INFO - Loaded thresholds: {'code_smells': {'LONG_METHOD_LINES': 45, 'LARGE_CLASS_METHODS': 15, 'PRIMITIVE_OBSESSION_COUNT': 4, 'LONG_PARAMETER_LIST': 5, 'COMPLEX_CONDITIONAL': 3, 'DIVERGENT_CHANGE_PREFIXES': 4, 'SHOTGUN_SURGERY_CALLS': 5, 'EXCESSIVE_COMMENTS_RATIO': 0.3, 'LAZY_CLASS_METHODS': 4, 'FEATURE_ENVY_CALLS': 3, 'INAPPROPRIATE_INTIMACY_SHARED': 3, 'MESSAGE_CHAIN_LENGTH': 3, 'DATA_CLUMPS_THRESHOLD': 6, 'TEMPORARY_FIELD_THRESHOLD': 3, 'ALTERNATIVE_CLASSES_THRESHOLD': 3, 'DUPLICATE_CODE_THRESHOLD': 15, 'DEAD_CODE_THRESHOLD': 3, 'SPECULATIVE_GENERALITY_THRESHOLD': 4, 'MIDDLE_MAN_RATIO': 0.5, 'DIVERGENT_CHANGE_METHODS': 5, 'SHOTGUN_SURGERY_CONTEXTS': 3, 'DUPLICATE_CODE_MIN_LINES': 5, 'LARGE_COMMENT_BLOCKS': 5}, 'architectural_smells': {'GOD_OBJECT_FUNCTIONS': 20, 'UNSTABLE_DEPENDENCY_THRESHOLD': 0.8, 'HUB_LIKE_DEPENDENCY_RATIO': 0.3, 'REDUNDANT_ABSTRACTION_SIMILARITY': 0.7, 'IMPROPER_API_USAGE_RATIO': 0.7, 'CYCLIC_DEPENDENCY_MAX_LENGTH': 3}, 'structural_smells': {'NOM_THRESHOLD': 10, 'WMPC1_THRESHOLD': 20, 'WMPC2_THRESHOLD': 20, 'SIZE2_THRESHOLD': 15, 'WAC_THRESHOLD': 10, 'LCOM_THRESHOLD': 10, 'RFC_THRESHOLD': 20, 'NOCC_THRESHOLD': 10, 'DIT_THRESHOLD': 3, 'LOC_THRESHOLD': 150, 'MPC_THRESHOLD': 25, 'CBO_THRESHOLD': 5, 'NOC_THRESHOLD': 7, 'CYCLOMATIC_COMPLEXITY_THRESHOLD': 10, 'MAX_FANOUT': 15, 'MAX_FANIN': 15, 'MAX_FILE_LENGTH': 250, 'MAX_BRANCHES': 10, 'MAX_NESTING_DEPTH': 4}}
2025-05-30 16:44:54,053 - code_quality_analyzer.architectural_smell_detector - INFO - Analyzing directory structure: ../transformers/v4.40.1
2025-05-30 16:45:19,746 - code_quality_analyzer.architectural_smell_detector - ERROR - Error analyzing directory ../transformers/v4.40.1: module 'sys' has no attribute 'stdlib_module_names'
Traceback (most recent call last):
  File "/Volumes/SanDisk-Pol/scrape-github/python_smells_detector-main/src/code_quality_analyzer/architectural_smell_detector.py", line 90, in detect_smells
    self.analyze_directory(directory_path)
  File "/Volumes/SanDisk-Pol/scrape-github/python_smells_detector-main/src/code_quality_analyzer/architectural_smell_detector.py", line 126, in analyze_directory
    self.resolve_external_dependencies()
  File "/Volumes/SanDisk-Pol/scrape-github/python_smells_detector-main/src/code_quality_analyzer/architectural_smell_detector.py", line 202, in resolve_external_dependencies
    standard_lib_modules = set(sys.stdlib_module_names)
AttributeError: module 'sys' has no attribute 'stdlib_module_names'
2025-05-30 16:45:19,749 - code_quality_analyzer.main - ERROR - Error in architectural analysis: module 'sys' has no attribute 'stdlib_module_names'
File: ../transformers/v4.40.1
Line: None
Function: None
Traceback (most recent call last):
  File "/Volumes/SanDisk-Pol/scrape-github/python_smells_detector-main/src/code_quality_analyzer/architectural_smell_detector.py", line 90, in detect_smells
    self.analyze_directory(directory_path)
  File "/Volumes/SanDisk-Pol/scrape-github/python_smells_detector-main/src/code_quality_analyzer/architectural_smell_detector.py", line 126, in analyze_directory
    self.resolve_external_dependencies()
  File "/Volumes/SanDisk-Pol/scrape-github/python_smells_detector-main/src/code_quality_analyzer/architectural_smell_detector.py", line 202, in resolve_external_dependencies
    standard_lib_modules = set(sys.stdlib_module_names)
AttributeError: module 'sys' has no attribute 'stdlib_module_names'

During handling of the above exception, another exception occurred:

Traceback (most recent call last):
  File "/Volumes/SanDisk-Pol/scrape-github/python_smells_detector-main/src/code_quality_analyzer/main.py", line 108, in analyze_architectural_smells
    detector.detect_smells(directory_path)
  File "/Volumes/SanDisk-Pol/scrape-github/python_smells_detector-main/src/code_quality_analyzer/architectural_smell_detector.py", line 107, in detect_smells
    raise CodeAnalysisError(
code_quality_analyzer.exceptions.CodeAnalysisError: module 'sys' has no attribute 'stdlib_module_names'
File: ../transformers/v4.40.1
Line: None
Function: None
2025-05-30 16:45:19,751 - code_quality_analyzer.main - WARNING - Errors encountered during architectural analysis:
2025-05-30 16:45:19,751 - code_quality_analyzer.main - WARNING - 
File: ../transformers/v4.40.1
Error Type: CodeAnalysisError
Error Message: module 'sys' has no attribute 'stdlib_module_names'
File: ../transformers/v4.40.1
Line: None
Function: None
Detector: ArchitecturalSmellDetector
Function: None
            
2025-05-30 16:45:19,765 - code_quality_analyzer.main - INFO - CSV report generated and saved to code_quality_report.csv
2025-05-30 16:45:20,258 - code_quality_analyzer.main - INFO - Loading configuration from: code_quality_config.yaml
2025-05-30 16:45:20,274 - code_quality_analyzer.config_handler - INFO - Loading configuration from: code_quality_config.yaml
2025-05-30 16:45:20,274 - code_quality_analyzer.config_handler - INFO - Loaded thresholds: {'code_smells': {'LONG_METHOD_LINES': 45, 'LARGE_CLASS_METHODS': 15, 'PRIMITIVE_OBSESSION_COUNT': 4, 'LONG_PARAMETER_LIST': 5, 'COMPLEX_CONDITIONAL': 3, 'DIVERGENT_CHANGE_PREFIXES': 4, 'SHOTGUN_SURGERY_CALLS': 5, 'EXCESSIVE_COMMENTS_RATIO': 0.3, 'LAZY_CLASS_METHODS': 4, 'FEATURE_ENVY_CALLS': 3, 'INAPPROPRIATE_INTIMACY_SHARED': 3, 'MESSAGE_CHAIN_LENGTH': 3, 'DATA_CLUMPS_THRESHOLD': 6, 'TEMPORARY_FIELD_THRESHOLD': 3, 'ALTERNATIVE_CLASSES_THRESHOLD': 3, 'DUPLICATE_CODE_THRESHOLD': 15, 'DEAD_CODE_THRESHOLD': 3, 'SPECULATIVE_GENERALITY_THRESHOLD': 4, 'MIDDLE_MAN_RATIO': 0.5, 'DIVERGENT_CHANGE_METHODS': 5, 'SHOTGUN_SURGERY_CONTEXTS': 3, 'DUPLICATE_CODE_MIN_LINES': 5, 'LARGE_COMMENT_BLOCKS': 5}, 'architectural_smells': {'GOD_OBJECT_FUNCTIONS': 20, 'UNSTABLE_DEPENDENCY_THRESHOLD': 0.8, 'HUB_LIKE_DEPENDENCY_RATIO': 0.3, 'REDUNDANT_ABSTRACTION_SIMILARITY': 0.7, 'IMPROPER_API_USAGE_RATIO': 0.7, 'CYCLIC_DEPENDENCY_MAX_LENGTH': 3}, 'structural_smells': {'NOM_THRESHOLD': 10, 'WMPC1_THRESHOLD': 20, 'WMPC2_THRESHOLD': 20, 'SIZE2_THRESHOLD': 15, 'WAC_THRESHOLD': 10, 'LCOM_THRESHOLD': 10, 'RFC_THRESHOLD': 20, 'NOCC_THRESHOLD': 10, 'DIT_THRESHOLD': 3, 'LOC_THRESHOLD': 150, 'MPC_THRESHOLD': 25, 'CBO_THRESHOLD': 5, 'NOC_THRESHOLD': 7, 'CYCLOMATIC_COMPLEXITY_THRESHOLD': 10, 'MAX_FANOUT': 15, 'MAX_FANIN': 15, 'MAX_FILE_LENGTH': 250, 'MAX_BRANCHES': 10, 'MAX_NESTING_DEPTH': 4}}
2025-05-30 16:45:20,274 - code_quality_analyzer.architectural_smell_detector - INFO - Analyzing directory structure: ../transformers/v4.40.2
2025-05-30 16:45:46,439 - code_quality_analyzer.architectural_smell_detector - ERROR - Error analyzing directory ../transformers/v4.40.2: module 'sys' has no attribute 'stdlib_module_names'
Traceback (most recent call last):
  File "/Volumes/SanDisk-Pol/scrape-github/python_smells_detector-main/src/code_quality_analyzer/architectural_smell_detector.py", line 90, in detect_smells
    self.analyze_directory(directory_path)
  File "/Volumes/SanDisk-Pol/scrape-github/python_smells_detector-main/src/code_quality_analyzer/architectural_smell_detector.py", line 126, in analyze_directory
    self.resolve_external_dependencies()
  File "/Volumes/SanDisk-Pol/scrape-github/python_smells_detector-main/src/code_quality_analyzer/architectural_smell_detector.py", line 202, in resolve_external_dependencies
    standard_lib_modules = set(sys.stdlib_module_names)
AttributeError: module 'sys' has no attribute 'stdlib_module_names'
2025-05-30 16:45:46,442 - code_quality_analyzer.main - ERROR - Error in architectural analysis: module 'sys' has no attribute 'stdlib_module_names'
File: ../transformers/v4.40.2
Line: None
Function: None
Traceback (most recent call last):
  File "/Volumes/SanDisk-Pol/scrape-github/python_smells_detector-main/src/code_quality_analyzer/architectural_smell_detector.py", line 90, in detect_smells
    self.analyze_directory(directory_path)
  File "/Volumes/SanDisk-Pol/scrape-github/python_smells_detector-main/src/code_quality_analyzer/architectural_smell_detector.py", line 126, in analyze_directory
    self.resolve_external_dependencies()
  File "/Volumes/SanDisk-Pol/scrape-github/python_smells_detector-main/src/code_quality_analyzer/architectural_smell_detector.py", line 202, in resolve_external_dependencies
    standard_lib_modules = set(sys.stdlib_module_names)
AttributeError: module 'sys' has no attribute 'stdlib_module_names'

During handling of the above exception, another exception occurred:

Traceback (most recent call last):
  File "/Volumes/SanDisk-Pol/scrape-github/python_smells_detector-main/src/code_quality_analyzer/main.py", line 108, in analyze_architectural_smells
    detector.detect_smells(directory_path)
  File "/Volumes/SanDisk-Pol/scrape-github/python_smells_detector-main/src/code_quality_analyzer/architectural_smell_detector.py", line 107, in detect_smells
    raise CodeAnalysisError(
code_quality_analyzer.exceptions.CodeAnalysisError: module 'sys' has no attribute 'stdlib_module_names'
File: ../transformers/v4.40.2
Line: None
Function: None
2025-05-30 16:45:46,443 - code_quality_analyzer.main - WARNING - Errors encountered during architectural analysis:
2025-05-30 16:45:46,444 - code_quality_analyzer.main - WARNING - 
File: ../transformers/v4.40.2
Error Type: CodeAnalysisError
Error Message: module 'sys' has no attribute 'stdlib_module_names'
File: ../transformers/v4.40.2
Line: None
Function: None
Detector: ArchitecturalSmellDetector
Function: None
            
2025-05-30 16:45:46,467 - code_quality_analyzer.main - INFO - CSV report generated and saved to code_quality_report.csv
2025-05-30 16:45:46,883 - code_quality_analyzer.main - INFO - Loading configuration from: code_quality_config.yaml
2025-05-30 16:45:46,901 - code_quality_analyzer.config_handler - INFO - Loading configuration from: code_quality_config.yaml
2025-05-30 16:45:46,901 - code_quality_analyzer.config_handler - INFO - Loaded thresholds: {'code_smells': {'LONG_METHOD_LINES': 45, 'LARGE_CLASS_METHODS': 15, 'PRIMITIVE_OBSESSION_COUNT': 4, 'LONG_PARAMETER_LIST': 5, 'COMPLEX_CONDITIONAL': 3, 'DIVERGENT_CHANGE_PREFIXES': 4, 'SHOTGUN_SURGERY_CALLS': 5, 'EXCESSIVE_COMMENTS_RATIO': 0.3, 'LAZY_CLASS_METHODS': 4, 'FEATURE_ENVY_CALLS': 3, 'INAPPROPRIATE_INTIMACY_SHARED': 3, 'MESSAGE_CHAIN_LENGTH': 3, 'DATA_CLUMPS_THRESHOLD': 6, 'TEMPORARY_FIELD_THRESHOLD': 3, 'ALTERNATIVE_CLASSES_THRESHOLD': 3, 'DUPLICATE_CODE_THRESHOLD': 15, 'DEAD_CODE_THRESHOLD': 3, 'SPECULATIVE_GENERALITY_THRESHOLD': 4, 'MIDDLE_MAN_RATIO': 0.5, 'DIVERGENT_CHANGE_METHODS': 5, 'SHOTGUN_SURGERY_CONTEXTS': 3, 'DUPLICATE_CODE_MIN_LINES': 5, 'LARGE_COMMENT_BLOCKS': 5}, 'architectural_smells': {'GOD_OBJECT_FUNCTIONS': 20, 'UNSTABLE_DEPENDENCY_THRESHOLD': 0.8, 'HUB_LIKE_DEPENDENCY_RATIO': 0.3, 'REDUNDANT_ABSTRACTION_SIMILARITY': 0.7, 'IMPROPER_API_USAGE_RATIO': 0.7, 'CYCLIC_DEPENDENCY_MAX_LENGTH': 3}, 'structural_smells': {'NOM_THRESHOLD': 10, 'WMPC1_THRESHOLD': 20, 'WMPC2_THRESHOLD': 20, 'SIZE2_THRESHOLD': 15, 'WAC_THRESHOLD': 10, 'LCOM_THRESHOLD': 10, 'RFC_THRESHOLD': 20, 'NOCC_THRESHOLD': 10, 'DIT_THRESHOLD': 3, 'LOC_THRESHOLD': 150, 'MPC_THRESHOLD': 25, 'CBO_THRESHOLD': 5, 'NOC_THRESHOLD': 7, 'CYCLOMATIC_COMPLEXITY_THRESHOLD': 10, 'MAX_FANOUT': 15, 'MAX_FANIN': 15, 'MAX_FILE_LENGTH': 250, 'MAX_BRANCHES': 10, 'MAX_NESTING_DEPTH': 4}}
2025-05-30 16:45:46,902 - code_quality_analyzer.architectural_smell_detector - INFO - Analyzing directory structure: ../transformers/v4.41.0
2025-05-30 16:46:12,498 - code_quality_analyzer.architectural_smell_detector - ERROR - Error analyzing directory ../transformers/v4.41.0: module 'sys' has no attribute 'stdlib_module_names'
Traceback (most recent call last):
  File "/Volumes/SanDisk-Pol/scrape-github/python_smells_detector-main/src/code_quality_analyzer/architectural_smell_detector.py", line 90, in detect_smells
    self.analyze_directory(directory_path)
  File "/Volumes/SanDisk-Pol/scrape-github/python_smells_detector-main/src/code_quality_analyzer/architectural_smell_detector.py", line 126, in analyze_directory
    self.resolve_external_dependencies()
  File "/Volumes/SanDisk-Pol/scrape-github/python_smells_detector-main/src/code_quality_analyzer/architectural_smell_detector.py", line 202, in resolve_external_dependencies
    standard_lib_modules = set(sys.stdlib_module_names)
AttributeError: module 'sys' has no attribute 'stdlib_module_names'
2025-05-30 16:46:12,501 - code_quality_analyzer.main - ERROR - Error in architectural analysis: module 'sys' has no attribute 'stdlib_module_names'
File: ../transformers/v4.41.0
Line: None
Function: None
Traceback (most recent call last):
  File "/Volumes/SanDisk-Pol/scrape-github/python_smells_detector-main/src/code_quality_analyzer/architectural_smell_detector.py", line 90, in detect_smells
    self.analyze_directory(directory_path)
  File "/Volumes/SanDisk-Pol/scrape-github/python_smells_detector-main/src/code_quality_analyzer/architectural_smell_detector.py", line 126, in analyze_directory
    self.resolve_external_dependencies()
  File "/Volumes/SanDisk-Pol/scrape-github/python_smells_detector-main/src/code_quality_analyzer/architectural_smell_detector.py", line 202, in resolve_external_dependencies
    standard_lib_modules = set(sys.stdlib_module_names)
AttributeError: module 'sys' has no attribute 'stdlib_module_names'

During handling of the above exception, another exception occurred:

Traceback (most recent call last):
  File "/Volumes/SanDisk-Pol/scrape-github/python_smells_detector-main/src/code_quality_analyzer/main.py", line 108, in analyze_architectural_smells
    detector.detect_smells(directory_path)
  File "/Volumes/SanDisk-Pol/scrape-github/python_smells_detector-main/src/code_quality_analyzer/architectural_smell_detector.py", line 107, in detect_smells
    raise CodeAnalysisError(
code_quality_analyzer.exceptions.CodeAnalysisError: module 'sys' has no attribute 'stdlib_module_names'
File: ../transformers/v4.41.0
Line: None
Function: None
2025-05-30 16:46:12,502 - code_quality_analyzer.main - WARNING - Errors encountered during architectural analysis:
2025-05-30 16:46:12,502 - code_quality_analyzer.main - WARNING - 
File: ../transformers/v4.41.0
Error Type: CodeAnalysisError
Error Message: module 'sys' has no attribute 'stdlib_module_names'
File: ../transformers/v4.41.0
Line: None
Function: None
Detector: ArchitecturalSmellDetector
Function: None
            
2025-05-30 16:46:12,517 - code_quality_analyzer.main - INFO - CSV report generated and saved to code_quality_report.csv
2025-05-30 16:46:12,993 - code_quality_analyzer.main - INFO - Loading configuration from: code_quality_config.yaml
2025-05-30 16:46:13,008 - code_quality_analyzer.config_handler - INFO - Loading configuration from: code_quality_config.yaml
2025-05-30 16:46:13,008 - code_quality_analyzer.config_handler - INFO - Loaded thresholds: {'code_smells': {'LONG_METHOD_LINES': 45, 'LARGE_CLASS_METHODS': 15, 'PRIMITIVE_OBSESSION_COUNT': 4, 'LONG_PARAMETER_LIST': 5, 'COMPLEX_CONDITIONAL': 3, 'DIVERGENT_CHANGE_PREFIXES': 4, 'SHOTGUN_SURGERY_CALLS': 5, 'EXCESSIVE_COMMENTS_RATIO': 0.3, 'LAZY_CLASS_METHODS': 4, 'FEATURE_ENVY_CALLS': 3, 'INAPPROPRIATE_INTIMACY_SHARED': 3, 'MESSAGE_CHAIN_LENGTH': 3, 'DATA_CLUMPS_THRESHOLD': 6, 'TEMPORARY_FIELD_THRESHOLD': 3, 'ALTERNATIVE_CLASSES_THRESHOLD': 3, 'DUPLICATE_CODE_THRESHOLD': 15, 'DEAD_CODE_THRESHOLD': 3, 'SPECULATIVE_GENERALITY_THRESHOLD': 4, 'MIDDLE_MAN_RATIO': 0.5, 'DIVERGENT_CHANGE_METHODS': 5, 'SHOTGUN_SURGERY_CONTEXTS': 3, 'DUPLICATE_CODE_MIN_LINES': 5, 'LARGE_COMMENT_BLOCKS': 5}, 'architectural_smells': {'GOD_OBJECT_FUNCTIONS': 20, 'UNSTABLE_DEPENDENCY_THRESHOLD': 0.8, 'HUB_LIKE_DEPENDENCY_RATIO': 0.3, 'REDUNDANT_ABSTRACTION_SIMILARITY': 0.7, 'IMPROPER_API_USAGE_RATIO': 0.7, 'CYCLIC_DEPENDENCY_MAX_LENGTH': 3}, 'structural_smells': {'NOM_THRESHOLD': 10, 'WMPC1_THRESHOLD': 20, 'WMPC2_THRESHOLD': 20, 'SIZE2_THRESHOLD': 15, 'WAC_THRESHOLD': 10, 'LCOM_THRESHOLD': 10, 'RFC_THRESHOLD': 20, 'NOCC_THRESHOLD': 10, 'DIT_THRESHOLD': 3, 'LOC_THRESHOLD': 150, 'MPC_THRESHOLD': 25, 'CBO_THRESHOLD': 5, 'NOC_THRESHOLD': 7, 'CYCLOMATIC_COMPLEXITY_THRESHOLD': 10, 'MAX_FANOUT': 15, 'MAX_FANIN': 15, 'MAX_FILE_LENGTH': 250, 'MAX_BRANCHES': 10, 'MAX_NESTING_DEPTH': 4}}
2025-05-30 16:46:13,008 - code_quality_analyzer.architectural_smell_detector - INFO - Analyzing directory structure: ../transformers/v4.41.1
2025-05-30 16:46:38,094 - code_quality_analyzer.architectural_smell_detector - ERROR - Error analyzing directory ../transformers/v4.41.1: module 'sys' has no attribute 'stdlib_module_names'
Traceback (most recent call last):
  File "/Volumes/SanDisk-Pol/scrape-github/python_smells_detector-main/src/code_quality_analyzer/architectural_smell_detector.py", line 90, in detect_smells
    self.analyze_directory(directory_path)
  File "/Volumes/SanDisk-Pol/scrape-github/python_smells_detector-main/src/code_quality_analyzer/architectural_smell_detector.py", line 126, in analyze_directory
    self.resolve_external_dependencies()
  File "/Volumes/SanDisk-Pol/scrape-github/python_smells_detector-main/src/code_quality_analyzer/architectural_smell_detector.py", line 202, in resolve_external_dependencies
    standard_lib_modules = set(sys.stdlib_module_names)
AttributeError: module 'sys' has no attribute 'stdlib_module_names'
2025-05-30 16:46:38,097 - code_quality_analyzer.main - ERROR - Error in architectural analysis: module 'sys' has no attribute 'stdlib_module_names'
File: ../transformers/v4.41.1
Line: None
Function: None
Traceback (most recent call last):
  File "/Volumes/SanDisk-Pol/scrape-github/python_smells_detector-main/src/code_quality_analyzer/architectural_smell_detector.py", line 90, in detect_smells
    self.analyze_directory(directory_path)
  File "/Volumes/SanDisk-Pol/scrape-github/python_smells_detector-main/src/code_quality_analyzer/architectural_smell_detector.py", line 126, in analyze_directory
    self.resolve_external_dependencies()
  File "/Volumes/SanDisk-Pol/scrape-github/python_smells_detector-main/src/code_quality_analyzer/architectural_smell_detector.py", line 202, in resolve_external_dependencies
    standard_lib_modules = set(sys.stdlib_module_names)
AttributeError: module 'sys' has no attribute 'stdlib_module_names'

During handling of the above exception, another exception occurred:

Traceback (most recent call last):
  File "/Volumes/SanDisk-Pol/scrape-github/python_smells_detector-main/src/code_quality_analyzer/main.py", line 108, in analyze_architectural_smells
    detector.detect_smells(directory_path)
  File "/Volumes/SanDisk-Pol/scrape-github/python_smells_detector-main/src/code_quality_analyzer/architectural_smell_detector.py", line 107, in detect_smells
    raise CodeAnalysisError(
code_quality_analyzer.exceptions.CodeAnalysisError: module 'sys' has no attribute 'stdlib_module_names'
File: ../transformers/v4.41.1
Line: None
Function: None
2025-05-30 16:46:38,098 - code_quality_analyzer.main - WARNING - Errors encountered during architectural analysis:
2025-05-30 16:46:38,098 - code_quality_analyzer.main - WARNING - 
File: ../transformers/v4.41.1
Error Type: CodeAnalysisError
Error Message: module 'sys' has no attribute 'stdlib_module_names'
File: ../transformers/v4.41.1
Line: None
Function: None
Detector: ArchitecturalSmellDetector
Function: None
            
2025-05-30 16:46:38,113 - code_quality_analyzer.main - INFO - CSV report generated and saved to code_quality_report.csv
2025-05-30 16:46:38,543 - code_quality_analyzer.main - INFO - Loading configuration from: code_quality_config.yaml
2025-05-30 16:46:38,567 - code_quality_analyzer.config_handler - INFO - Loading configuration from: code_quality_config.yaml
2025-05-30 16:46:38,567 - code_quality_analyzer.config_handler - INFO - Loaded thresholds: {'code_smells': {'LONG_METHOD_LINES': 45, 'LARGE_CLASS_METHODS': 15, 'PRIMITIVE_OBSESSION_COUNT': 4, 'LONG_PARAMETER_LIST': 5, 'COMPLEX_CONDITIONAL': 3, 'DIVERGENT_CHANGE_PREFIXES': 4, 'SHOTGUN_SURGERY_CALLS': 5, 'EXCESSIVE_COMMENTS_RATIO': 0.3, 'LAZY_CLASS_METHODS': 4, 'FEATURE_ENVY_CALLS': 3, 'INAPPROPRIATE_INTIMACY_SHARED': 3, 'MESSAGE_CHAIN_LENGTH': 3, 'DATA_CLUMPS_THRESHOLD': 6, 'TEMPORARY_FIELD_THRESHOLD': 3, 'ALTERNATIVE_CLASSES_THRESHOLD': 3, 'DUPLICATE_CODE_THRESHOLD': 15, 'DEAD_CODE_THRESHOLD': 3, 'SPECULATIVE_GENERALITY_THRESHOLD': 4, 'MIDDLE_MAN_RATIO': 0.5, 'DIVERGENT_CHANGE_METHODS': 5, 'SHOTGUN_SURGERY_CONTEXTS': 3, 'DUPLICATE_CODE_MIN_LINES': 5, 'LARGE_COMMENT_BLOCKS': 5}, 'architectural_smells': {'GOD_OBJECT_FUNCTIONS': 20, 'UNSTABLE_DEPENDENCY_THRESHOLD': 0.8, 'HUB_LIKE_DEPENDENCY_RATIO': 0.3, 'REDUNDANT_ABSTRACTION_SIMILARITY': 0.7, 'IMPROPER_API_USAGE_RATIO': 0.7, 'CYCLIC_DEPENDENCY_MAX_LENGTH': 3}, 'structural_smells': {'NOM_THRESHOLD': 10, 'WMPC1_THRESHOLD': 20, 'WMPC2_THRESHOLD': 20, 'SIZE2_THRESHOLD': 15, 'WAC_THRESHOLD': 10, 'LCOM_THRESHOLD': 10, 'RFC_THRESHOLD': 20, 'NOCC_THRESHOLD': 10, 'DIT_THRESHOLD': 3, 'LOC_THRESHOLD': 150, 'MPC_THRESHOLD': 25, 'CBO_THRESHOLD': 5, 'NOC_THRESHOLD': 7, 'CYCLOMATIC_COMPLEXITY_THRESHOLD': 10, 'MAX_FANOUT': 15, 'MAX_FANIN': 15, 'MAX_FILE_LENGTH': 250, 'MAX_BRANCHES': 10, 'MAX_NESTING_DEPTH': 4}}
2025-05-30 16:46:38,567 - code_quality_analyzer.architectural_smell_detector - INFO - Analyzing directory structure: ../transformers/v4.41.2
2025-05-30 16:49:45,207 - code_quality_analyzer.main - INFO - Loading configuration from: code_quality_config.yaml
2025-05-30 16:49:45,229 - code_quality_analyzer.config_handler - INFO - Loading configuration from: code_quality_config.yaml
2025-05-30 16:49:45,229 - code_quality_analyzer.config_handler - INFO - Loaded thresholds: {'code_smells': {'LONG_METHOD_LINES': 45, 'LARGE_CLASS_METHODS': 15, 'PRIMITIVE_OBSESSION_COUNT': 4, 'LONG_PARAMETER_LIST': 5, 'COMPLEX_CONDITIONAL': 3, 'DIVERGENT_CHANGE_PREFIXES': 4, 'SHOTGUN_SURGERY_CALLS': 5, 'EXCESSIVE_COMMENTS_RATIO': 0.3, 'LAZY_CLASS_METHODS': 4, 'FEATURE_ENVY_CALLS': 3, 'INAPPROPRIATE_INTIMACY_SHARED': 3, 'MESSAGE_CHAIN_LENGTH': 3, 'DATA_CLUMPS_THRESHOLD': 6, 'TEMPORARY_FIELD_THRESHOLD': 3, 'ALTERNATIVE_CLASSES_THRESHOLD': 3, 'DUPLICATE_CODE_THRESHOLD': 15, 'DEAD_CODE_THRESHOLD': 3, 'SPECULATIVE_GENERALITY_THRESHOLD': 4, 'MIDDLE_MAN_RATIO': 0.5, 'DIVERGENT_CHANGE_METHODS': 5, 'SHOTGUN_SURGERY_CONTEXTS': 3, 'DUPLICATE_CODE_MIN_LINES': 5, 'LARGE_COMMENT_BLOCKS': 5}, 'architectural_smells': {'GOD_OBJECT_FUNCTIONS': 20, 'UNSTABLE_DEPENDENCY_THRESHOLD': 0.8, 'HUB_LIKE_DEPENDENCY_RATIO': 0.3, 'REDUNDANT_ABSTRACTION_SIMILARITY': 0.7, 'IMPROPER_API_USAGE_RATIO': 0.7, 'CYCLIC_DEPENDENCY_MAX_LENGTH': 3}, 'structural_smells': {'NOM_THRESHOLD': 10, 'WMPC1_THRESHOLD': 20, 'WMPC2_THRESHOLD': 20, 'SIZE2_THRESHOLD': 15, 'WAC_THRESHOLD': 10, 'LCOM_THRESHOLD': 10, 'RFC_THRESHOLD': 20, 'NOCC_THRESHOLD': 10, 'DIT_THRESHOLD': 3, 'LOC_THRESHOLD': 150, 'MPC_THRESHOLD': 25, 'CBO_THRESHOLD': 5, 'NOC_THRESHOLD': 7, 'CYCLOMATIC_COMPLEXITY_THRESHOLD': 10, 'MAX_FANOUT': 15, 'MAX_FANIN': 15, 'MAX_FILE_LENGTH': 250, 'MAX_BRANCHES': 10, 'MAX_NESTING_DEPTH': 4}}
2025-05-30 16:49:45,230 - code_quality_analyzer.architectural_smell_detector - INFO - Analyzing directory structure: ../transformers/v4.39.0
2025-05-30 16:50:07,748 - code_quality_analyzer.architectural_smell_detector - ERROR - Error analyzing directory ../transformers/v4.39.0: module 'sys' has no attribute 'stdlib_module_names'
Traceback (most recent call last):
  File "/Volumes/SanDisk-Pol/scrape-github/python_smells_detector-main/src/code_quality_analyzer/architectural_smell_detector.py", line 90, in detect_smells
    self.analyze_directory(directory_path)
  File "/Volumes/SanDisk-Pol/scrape-github/python_smells_detector-main/src/code_quality_analyzer/architectural_smell_detector.py", line 126, in analyze_directory
    self.resolve_external_dependencies()
  File "/Volumes/SanDisk-Pol/scrape-github/python_smells_detector-main/src/code_quality_analyzer/architectural_smell_detector.py", line 202, in resolve_external_dependencies
    standard_lib_modules = set(sys.stdlib_module_names)
AttributeError: module 'sys' has no attribute 'stdlib_module_names'
2025-05-30 16:50:07,751 - code_quality_analyzer.main - ERROR - Error in architectural analysis: module 'sys' has no attribute 'stdlib_module_names'
File: ../transformers/v4.39.0
Line: None
Function: None
Traceback (most recent call last):
  File "/Volumes/SanDisk-Pol/scrape-github/python_smells_detector-main/src/code_quality_analyzer/architectural_smell_detector.py", line 90, in detect_smells
    self.analyze_directory(directory_path)
  File "/Volumes/SanDisk-Pol/scrape-github/python_smells_detector-main/src/code_quality_analyzer/architectural_smell_detector.py", line 126, in analyze_directory
    self.resolve_external_dependencies()
  File "/Volumes/SanDisk-Pol/scrape-github/python_smells_detector-main/src/code_quality_analyzer/architectural_smell_detector.py", line 202, in resolve_external_dependencies
    standard_lib_modules = set(sys.stdlib_module_names)
AttributeError: module 'sys' has no attribute 'stdlib_module_names'

During handling of the above exception, another exception occurred:

Traceback (most recent call last):
  File "/Volumes/SanDisk-Pol/scrape-github/python_smells_detector-main/src/code_quality_analyzer/main.py", line 108, in analyze_architectural_smells
    detector.detect_smells(directory_path)
  File "/Volumes/SanDisk-Pol/scrape-github/python_smells_detector-main/src/code_quality_analyzer/architectural_smell_detector.py", line 107, in detect_smells
    raise CodeAnalysisError(
code_quality_analyzer.exceptions.CodeAnalysisError: module 'sys' has no attribute 'stdlib_module_names'
File: ../transformers/v4.39.0
Line: None
Function: None
2025-05-30 16:50:07,753 - code_quality_analyzer.main - WARNING - Errors encountered during architectural analysis:
2025-05-30 16:50:07,753 - code_quality_analyzer.main - WARNING - 
File: ../transformers/v4.39.0
Error Type: CodeAnalysisError
Error Message: module 'sys' has no attribute 'stdlib_module_names'
File: ../transformers/v4.39.0
Line: None
Function: None
Detector: ArchitecturalSmellDetector
Function: None
            
2025-05-30 16:50:07,768 - code_quality_analyzer.main - INFO - CSV report generated and saved to code_quality_report.csv
2025-05-30 16:51:45,726 - code_quality_analyzer.main - INFO - Loading configuration from: code_quality_config.yaml
2025-05-30 16:51:45,743 - code_quality_analyzer.config_handler - INFO - Loading configuration from: code_quality_config.yaml
2025-05-30 16:51:45,743 - code_quality_analyzer.config_handler - INFO - Loaded thresholds: {'code_smells': {'LONG_METHOD_LINES': 45, 'LARGE_CLASS_METHODS': 15, 'PRIMITIVE_OBSESSION_COUNT': 4, 'LONG_PARAMETER_LIST': 5, 'COMPLEX_CONDITIONAL': 3, 'DIVERGENT_CHANGE_PREFIXES': 4, 'SHOTGUN_SURGERY_CALLS': 5, 'EXCESSIVE_COMMENTS_RATIO': 0.3, 'LAZY_CLASS_METHODS': 4, 'FEATURE_ENVY_CALLS': 3, 'INAPPROPRIATE_INTIMACY_SHARED': 3, 'MESSAGE_CHAIN_LENGTH': 3, 'DATA_CLUMPS_THRESHOLD': 6, 'TEMPORARY_FIELD_THRESHOLD': 3, 'ALTERNATIVE_CLASSES_THRESHOLD': 3, 'DUPLICATE_CODE_THRESHOLD': 15, 'DEAD_CODE_THRESHOLD': 3, 'SPECULATIVE_GENERALITY_THRESHOLD': 4, 'MIDDLE_MAN_RATIO': 0.5, 'DIVERGENT_CHANGE_METHODS': 5, 'SHOTGUN_SURGERY_CONTEXTS': 3, 'DUPLICATE_CODE_MIN_LINES': 5, 'LARGE_COMMENT_BLOCKS': 5}, 'architectural_smells': {'GOD_OBJECT_FUNCTIONS': 20, 'UNSTABLE_DEPENDENCY_THRESHOLD': 0.8, 'HUB_LIKE_DEPENDENCY_RATIO': 0.3, 'REDUNDANT_ABSTRACTION_SIMILARITY': 0.7, 'IMPROPER_API_USAGE_RATIO': 0.7, 'CYCLIC_DEPENDENCY_MAX_LENGTH': 3}, 'structural_smells': {'NOM_THRESHOLD': 10, 'WMPC1_THRESHOLD': 20, 'WMPC2_THRESHOLD': 20, 'SIZE2_THRESHOLD': 15, 'WAC_THRESHOLD': 10, 'LCOM_THRESHOLD': 10, 'RFC_THRESHOLD': 20, 'NOCC_THRESHOLD': 10, 'DIT_THRESHOLD': 3, 'LOC_THRESHOLD': 150, 'MPC_THRESHOLD': 25, 'CBO_THRESHOLD': 5, 'NOC_THRESHOLD': 7, 'CYCLOMATIC_COMPLEXITY_THRESHOLD': 10, 'MAX_FANOUT': 15, 'MAX_FANIN': 15, 'MAX_FILE_LENGTH': 250, 'MAX_BRANCHES': 10, 'MAX_NESTING_DEPTH': 4}}
2025-05-30 16:51:45,743 - code_quality_analyzer.architectural_smell_detector - INFO - Analyzing directory structure: ../transformers/v4.52.4
2025-06-13 13:58:23,225 - code_quality_analyzer.main - INFO - Loading configuration from: code_quality_config.yaml
2025-06-13 13:58:23,235 - code_quality_analyzer.config_handler - INFO - Loading configuration from: code_quality_config.yaml
2025-06-13 13:58:23,235 - code_quality_analyzer.config_handler - INFO - Loaded thresholds: {'code_smells': {'LONG_METHOD_LINES': 45, 'LARGE_CLASS_METHODS': 15, 'PRIMITIVE_OBSESSION_COUNT': 4, 'LONG_PARAMETER_LIST': 5, 'COMPLEX_CONDITIONAL': 3, 'DIVERGENT_CHANGE_PREFIXES': 4, 'SHOTGUN_SURGERY_CALLS': 5, 'EXCESSIVE_COMMENTS_RATIO': 0.3, 'LAZY_CLASS_METHODS': 4, 'FEATURE_ENVY_CALLS': 3, 'INAPPROPRIATE_INTIMACY_SHARED': 3, 'MESSAGE_CHAIN_LENGTH': 3, 'DATA_CLUMPS_THRESHOLD': 6, 'TEMPORARY_FIELD_THRESHOLD': 3, 'ALTERNATIVE_CLASSES_THRESHOLD': 3, 'DUPLICATE_CODE_THRESHOLD': 15, 'DEAD_CODE_THRESHOLD': 3, 'SPECULATIVE_GENERALITY_THRESHOLD': 4, 'MIDDLE_MAN_RATIO': 0.5, 'DIVERGENT_CHANGE_METHODS': 5, 'SHOTGUN_SURGERY_CONTEXTS': 3, 'DUPLICATE_CODE_MIN_LINES': 5, 'LARGE_COMMENT_BLOCKS': 5}, 'architectural_smells': {'GOD_OBJECT_FUNCTIONS': 20, 'UNSTABLE_DEPENDENCY_THRESHOLD': 0.8, 'HUB_LIKE_DEPENDENCY_RATIO': 0.3, 'REDUNDANT_ABSTRACTION_SIMILARITY': 0.7, 'IMPROPER_API_USAGE_RATIO': 0.7, 'CYCLIC_DEPENDENCY_MAX_LENGTH': 3}, 'structural_smells': {'NOM_THRESHOLD': 10, 'WMPC1_THRESHOLD': 20, 'WMPC2_THRESHOLD': 20, 'SIZE2_THRESHOLD': 15, 'WAC_THRESHOLD': 10, 'LCOM_THRESHOLD': 10, 'RFC_THRESHOLD': 20, 'NOCC_THRESHOLD': 10, 'DIT_THRESHOLD': 3, 'LOC_THRESHOLD': 150, 'MPC_THRESHOLD': 25, 'CBO_THRESHOLD': 5, 'NOC_THRESHOLD': 7, 'CYCLOMATIC_COMPLEXITY_THRESHOLD': 10, 'MAX_FANOUT': 15, 'MAX_FANIN': 15, 'MAX_FILE_LENGTH': 250, 'MAX_BRANCHES': 10, 'MAX_NESTING_DEPTH': 4}}
2025-06-13 13:58:23,235 - code_quality_analyzer.architectural_smell_detector - INFO - Analyzing directory structure: ./
2025-06-13 13:58:23,280 - code_quality_analyzer.structural_smell_detector - INFO - Analyzing directory structure: ./
2025-06-13 13:58:23,281 - code_quality_analyzer.structural_smell_detector - INFO - Starting analysis of directory: ./
2025-06-13 13:58:23,335 - code_quality_analyzer.structural_smell_detector - INFO - 
Analysis Summary:
----------------
Files analyzed: 13
Files with errors: 0
Success rate: 100.0%
        
2025-06-13 13:58:23,335 - code_quality_analyzer.structural_smell_detector - INFO - Detecting NOM smells with threshold: 10
2025-06-13 13:58:23,336 - code_quality_analyzer.structural_smell_detector - INFO - Detected NOM smell in src.code_quality_analyzer.structural_smell_detector.StructuralSmellDetector: 34 methods
2025-06-13 13:58:23,336 - code_quality_analyzer.structural_smell_detector - INFO - Detected NOM smell in src.code_quality_analyzer.code_smell_detector.CodeSmellDetector: 24 methods
2025-06-13 13:58:23,336 - code_quality_analyzer.structural_smell_detector - INFO - Detected NOM smell in src.code_quality_analyzer.architectural_smell_detector.ArchitecturalSmellDetector: 15 methods
2025-06-13 13:58:23,402 - code_quality_analyzer.structural_smell_detector - INFO - Analysis complete. Found 94 structural smells.
2025-06-13 13:58:23,402 - code_quality_analyzer.main - INFO - Structural smell analysis complete. Found 94 smells.
2025-06-13 13:58:23,404 - code_quality_analyzer.main - INFO - CSV report generated and saved to code_quality_report.csv
2025-06-13 13:58:24,760 - code_quality_analyzer.main - INFO - Loading configuration from: code_quality_config.yaml
2025-06-13 13:58:24,769 - code_quality_analyzer.config_handler - INFO - Loading configuration from: code_quality_config.yaml
2025-06-13 13:58:24,769 - code_quality_analyzer.config_handler - INFO - Loaded thresholds: {'code_smells': {'LONG_METHOD_LINES': 45, 'LARGE_CLASS_METHODS': 15, 'PRIMITIVE_OBSESSION_COUNT': 4, 'LONG_PARAMETER_LIST': 5, 'COMPLEX_CONDITIONAL': 3, 'DIVERGENT_CHANGE_PREFIXES': 4, 'SHOTGUN_SURGERY_CALLS': 5, 'EXCESSIVE_COMMENTS_RATIO': 0.3, 'LAZY_CLASS_METHODS': 4, 'FEATURE_ENVY_CALLS': 3, 'INAPPROPRIATE_INTIMACY_SHARED': 3, 'MESSAGE_CHAIN_LENGTH': 3, 'DATA_CLUMPS_THRESHOLD': 6, 'TEMPORARY_FIELD_THRESHOLD': 3, 'ALTERNATIVE_CLASSES_THRESHOLD': 3, 'DUPLICATE_CODE_THRESHOLD': 15, 'DEAD_CODE_THRESHOLD': 3, 'SPECULATIVE_GENERALITY_THRESHOLD': 4, 'MIDDLE_MAN_RATIO': 0.5, 'DIVERGENT_CHANGE_METHODS': 5, 'SHOTGUN_SURGERY_CONTEXTS': 3, 'DUPLICATE_CODE_MIN_LINES': 5, 'LARGE_COMMENT_BLOCKS': 5}, 'architectural_smells': {'GOD_OBJECT_FUNCTIONS': 20, 'UNSTABLE_DEPENDENCY_THRESHOLD': 0.8, 'HUB_LIKE_DEPENDENCY_RATIO': 0.3, 'REDUNDANT_ABSTRACTION_SIMILARITY': 0.7, 'IMPROPER_API_USAGE_RATIO': 0.7, 'CYCLIC_DEPENDENCY_MAX_LENGTH': 3}, 'structural_smells': {'NOM_THRESHOLD': 10, 'WMPC1_THRESHOLD': 20, 'WMPC2_THRESHOLD': 20, 'SIZE2_THRESHOLD': 15, 'WAC_THRESHOLD': 10, 'LCOM_THRESHOLD': 10, 'RFC_THRESHOLD': 20, 'NOCC_THRESHOLD': 10, 'DIT_THRESHOLD': 3, 'LOC_THRESHOLD': 150, 'MPC_THRESHOLD': 25, 'CBO_THRESHOLD': 5, 'NOC_THRESHOLD': 7, 'CYCLOMATIC_COMPLEXITY_THRESHOLD': 10, 'MAX_FANOUT': 15, 'MAX_FANIN': 15, 'MAX_FILE_LENGTH': 250, 'MAX_BRANCHES': 10, 'MAX_NESTING_DEPTH': 4}}
2025-06-13 13:58:24,770 - code_quality_analyzer.architectural_smell_detector - INFO - Analyzing directory structure: ./
2025-06-13 13:58:24,823 - code_quality_analyzer.structural_smell_detector - INFO - Analyzing directory structure: ./
2025-06-13 13:58:24,823 - code_quality_analyzer.structural_smell_detector - INFO - Starting analysis of directory: ./
2025-06-13 13:58:24,881 - code_quality_analyzer.structural_smell_detector - INFO - 
Analysis Summary:
----------------
Files analyzed: 13
Files with errors: 0
Success rate: 100.0%
        
2025-06-13 13:58:24,881 - code_quality_analyzer.structural_smell_detector - INFO - Detecting NOM smells with threshold: 10
2025-06-13 13:58:24,881 - code_quality_analyzer.structural_smell_detector - INFO - Detected NOM smell in src.code_quality_analyzer.structural_smell_detector.StructuralSmellDetector: 34 methods
2025-06-13 13:58:24,881 - code_quality_analyzer.structural_smell_detector - INFO - Detected NOM smell in src.code_quality_analyzer.code_smell_detector.CodeSmellDetector: 24 methods
2025-06-13 13:58:24,881 - code_quality_analyzer.structural_smell_detector - INFO - Detected NOM smell in src.code_quality_analyzer.architectural_smell_detector.ArchitecturalSmellDetector: 15 methods
2025-06-13 13:58:24,944 - code_quality_analyzer.structural_smell_detector - INFO - Analysis complete. Found 94 structural smells.
2025-06-13 13:58:24,944 - code_quality_analyzer.main - INFO - Structural smell analysis complete. Found 94 smells.
2025-06-13 13:58:24,945 - code_quality_analyzer.main - INFO - CSV report generated and saved to code_quality_report.csv
2025-06-13 13:58:26,380 - code_quality_analyzer.main - INFO - Loading configuration from: code_quality_config.yaml
2025-06-13 13:58:26,387 - code_quality_analyzer.config_handler - INFO - Loading configuration from: code_quality_config.yaml
2025-06-13 13:58:26,387 - code_quality_analyzer.config_handler - INFO - Loaded thresholds: {'code_smells': {'LONG_METHOD_LINES': 45, 'LARGE_CLASS_METHODS': 15, 'PRIMITIVE_OBSESSION_COUNT': 4, 'LONG_PARAMETER_LIST': 5, 'COMPLEX_CONDITIONAL': 3, 'DIVERGENT_CHANGE_PREFIXES': 4, 'SHOTGUN_SURGERY_CALLS': 5, 'EXCESSIVE_COMMENTS_RATIO': 0.3, 'LAZY_CLASS_METHODS': 4, 'FEATURE_ENVY_CALLS': 3, 'INAPPROPRIATE_INTIMACY_SHARED': 3, 'MESSAGE_CHAIN_LENGTH': 3, 'DATA_CLUMPS_THRESHOLD': 6, 'TEMPORARY_FIELD_THRESHOLD': 3, 'ALTERNATIVE_CLASSES_THRESHOLD': 3, 'DUPLICATE_CODE_THRESHOLD': 15, 'DEAD_CODE_THRESHOLD': 3, 'SPECULATIVE_GENERALITY_THRESHOLD': 4, 'MIDDLE_MAN_RATIO': 0.5, 'DIVERGENT_CHANGE_METHODS': 5, 'SHOTGUN_SURGERY_CONTEXTS': 3, 'DUPLICATE_CODE_MIN_LINES': 5, 'LARGE_COMMENT_BLOCKS': 5}, 'architectural_smells': {'GOD_OBJECT_FUNCTIONS': 20, 'UNSTABLE_DEPENDENCY_THRESHOLD': 0.8, 'HUB_LIKE_DEPENDENCY_RATIO': 0.3, 'REDUNDANT_ABSTRACTION_SIMILARITY': 0.7, 'IMPROPER_API_USAGE_RATIO': 0.7, 'CYCLIC_DEPENDENCY_MAX_LENGTH': 3}, 'structural_smells': {'NOM_THRESHOLD': 10, 'WMPC1_THRESHOLD': 20, 'WMPC2_THRESHOLD': 20, 'SIZE2_THRESHOLD': 15, 'WAC_THRESHOLD': 10, 'LCOM_THRESHOLD': 10, 'RFC_THRESHOLD': 20, 'NOCC_THRESHOLD': 10, 'DIT_THRESHOLD': 3, 'LOC_THRESHOLD': 150, 'MPC_THRESHOLD': 25, 'CBO_THRESHOLD': 5, 'NOC_THRESHOLD': 7, 'CYCLOMATIC_COMPLEXITY_THRESHOLD': 10, 'MAX_FANOUT': 15, 'MAX_FANIN': 15, 'MAX_FILE_LENGTH': 250, 'MAX_BRANCHES': 10, 'MAX_NESTING_DEPTH': 4}}
2025-06-13 13:58:26,388 - code_quality_analyzer.architectural_smell_detector - INFO - Analyzing directory structure: ./
2025-06-13 13:58:26,421 - code_quality_analyzer.structural_smell_detector - INFO - Analyzing directory structure: ./
2025-06-13 13:58:26,421 - code_quality_analyzer.structural_smell_detector - INFO - Starting analysis of directory: ./
2025-06-13 13:58:26,458 - code_quality_analyzer.structural_smell_detector - INFO - 
Analysis Summary:
----------------
Files analyzed: 13
Files with errors: 0
Success rate: 100.0%
        
2025-06-13 13:58:26,458 - code_quality_analyzer.structural_smell_detector - INFO - Detecting NOM smells with threshold: 10
2025-06-13 13:58:26,458 - code_quality_analyzer.structural_smell_detector - INFO - Detected NOM smell in src.code_quality_analyzer.structural_smell_detector.StructuralSmellDetector: 34 methods
2025-06-13 13:58:26,458 - code_quality_analyzer.structural_smell_detector - INFO - Detected NOM smell in src.code_quality_analyzer.code_smell_detector.CodeSmellDetector: 24 methods
2025-06-13 13:58:26,458 - code_quality_analyzer.structural_smell_detector - INFO - Detected NOM smell in src.code_quality_analyzer.architectural_smell_detector.ArchitecturalSmellDetector: 15 methods
2025-06-13 13:58:26,570 - code_quality_analyzer.structural_smell_detector - INFO - Analysis complete. Found 94 structural smells.
2025-06-13 13:58:26,570 - code_quality_analyzer.main - INFO - Structural smell analysis complete. Found 94 smells.
2025-06-13 13:58:26,571 - code_quality_analyzer.main - INFO - CSV report generated and saved to code_quality_report.csv
